--------- beginning of /dev/log/main
03-27 20:12:04.130 D/DHCP    (   81): ===== DHCP message:
03-27 20:12:04.130 D/DHCP    (   81): op = BOOTREQUEST (1), htype = 1, hlen = 6, hops = 0
03-27 20:12:04.130 D/DHCP    (   81): xid = 0x5e080000 secs = 0, flags = 0x8000 optlen = 14
03-27 20:12:04.130 D/DHCP    (   81): ciaddr = 0.0.0.0
03-27 20:12:04.130 D/DHCP    (   81): yiaddr = 0.0.0.0
03-27 20:12:04.130 D/DHCP    (   81): siaddr = 0.0.0.0
03-27 20:12:04.130 D/DHCP    (   81): giaddr = 0.0.0.0
03-27 20:12:04.130 D/DHCP    (   81): chaddr = { 08  00  27  61  31  0c }
03-27 20:12:04.130 D/DHCP    (   81): sname = ''
03-27 20:12:04.130 D/DHCP    (   81): file = ''
03-27 20:12:04.130 D/DHCP    (   81): op 53 len 1 { 01 } discover
03-27 20:12:04.130 D/DHCP    (   81): op 55 len 4 { 01  03  06  1c } 
03-27 20:12:04.130 D/DHCP    (   81): ===== DHCP message:
03-27 20:12:04.130 D/DHCP    (   81): op = BOOTREPLY (2), htype = 1, hlen = 6, hops = 0
03-27 20:12:04.130 D/DHCP    (   81): xid = 0x5e080000 secs = 0, flags = 0x8000 optlen = 312
03-27 20:12:04.130 D/DHCP    (   81): ciaddr = 0.0.0.0
03-27 20:12:04.130 D/DHCP    (   81): yiaddr = 172.17.99.15
03-27 20:12:04.130 D/DHCP    (   81): siaddr = 172.17.99.4
03-27 20:12:04.130 D/DHCP    (   81): giaddr = 0.0.0.0
03-27 20:12:04.130 D/DHCP    (   81): chaddr = { 08  00  27  61  31  0c }
03-27 20:12:04.130 D/DHCP    (   81): sname = ''
03-27 20:12:04.130 D/DHCP    (   81): file = 'nox.pxe'
03-27 20:12:04.130 D/DHCP    (   81): op 53 len 1 { 02 } offer
03-27 20:12:04.130 D/DHCP    (   81): op 1 len 4 { ff  ff  ff  00 } 
03-27 20:12:04.130 D/DHCP    (   81): op 3 len 4 { ac  11  63  02 } 
03-27 20:12:04.130 D/DHCP    (   81): op 6 len 8 { 3d  80  80  44  3d  80  c0  44 } 
03-27 20:12:04.130 D/DHCP    (   81): op 51 len 4 { 00  01  51  80 } 
03-27 20:12:04.130 D/DHCP    (   81): op 54 len 4 { ac  11  63  02 } 
03-27 20:12:04.130 D/DHCP    (   81): --- dhcp offer (2) ---
03-27 20:12:04.130 D/DHCP    (   81): ip 172.17.99.15 gw 172.17.99.2 prefixLength 24
03-27 20:12:04.130 D/DHCP    (   81): dns1: 61.128.128.68
03-27 20:12:04.130 D/DHCP    (   81): dns2: 61.128.192.68
03-27 20:12:04.130 D/DHCP    (   81): server 172.17.99.2, lease 86400 seconds
03-27 20:12:04.130 D/DHCP    (   81): ===== DHCP message:
03-27 20:12:04.130 D/DHCP    (   81): op = BOOTREQUEST (1), htype = 1, hlen = 6, hops = 0
03-27 20:12:04.130 D/DHCP    (   81): xid = 0x5f080000 secs = 0, flags = 0x8000 optlen = 26
03-27 20:12:04.130 D/DHCP    (   81): ciaddr = 0.0.0.0
03-27 20:12:04.130 D/DHCP    (   81): yiaddr = 0.0.0.0
03-27 20:12:04.130 D/DHCP    (   81): siaddr = 0.0.0.0
03-27 20:12:04.130 D/DHCP    (   81): giaddr = 0.0.0.0
03-27 20:12:04.130 D/DHCP    (   81): chaddr = { 08  00  27  61  31  0c }
03-27 20:12:04.130 D/DHCP    (   81): sname = ''
03-27 20:12:04.130 D/DHCP    (   81): file = ''
03-27 20:12:04.130 D/DHCP    (   81): op 53 len 1 { 03 } request
03-27 20:12:04.130 D/DHCP    (   81): op 55 len 4 { 01  03  06  1c } 
03-27 20:12:04.130 D/DHCP    (   81): op 50 len 4 { ac  11  63  0f } 
03-27 20:12:04.130 D/DHCP    (   81): op 54 len 4 { ac  11  63  02 } 
03-27 20:12:04.130 D/DHCP    (   81): ===== DHCP message:
03-27 20:12:04.130 D/DHCP    (   81): op = BOOTREPLY (2), htype = 1, hlen = 6, hops = 0
03-27 20:12:04.130 D/DHCP    (   81): xid = 0x5f080000 secs = 0, flags = 0x8000 optlen = 312
03-27 20:12:04.130 D/DHCP    (   81): ciaddr = 172.17.99.15
03-27 20:12:04.130 D/DHCP    (   81): yiaddr = 172.17.99.15
03-27 20:12:04.130 D/DHCP    (   81): siaddr = 172.17.99.4
03-27 20:12:04.130 D/DHCP    (   81): giaddr = 0.0.0.0
03-27 20:12:04.130 D/DHCP    (   81): chaddr = { 08  00  27  61  31  0c }
03-27 20:12:04.130 D/DHCP    (   81): sname = ''
03-27 20:12:04.130 D/DHCP    (   81): file = 'nox.pxe'
03-27 20:12:04.130 D/DHCP    (   81): op 53 len 1 { 05 } ack
03-27 20:12:04.130 D/DHCP    (   81): op 1 len 4 { ff  ff  ff  00 } 
03-27 20:12:04.130 D/DHCP    (   81): op 3 len 4 { ac  11  63  02 } 
03-27 20:12:04.130 D/DHCP    (   81): op 6 len 8 { 3d  80  80  44  3d  80  c0  44 } 
03-27 20:12:04.130 D/DHCP    (   81): op 51 len 4 { 00  01  51  80 } 
03-27 20:12:04.130 D/DHCP    (   81): op 54 len 4 { ac  11  63  02 } 
03-27 20:12:04.130 D/DHCP    (   81): --- dhcp ack (5) ---
03-27 20:12:04.130 D/DHCP    (   81): ip 172.17.99.15 gw 172.17.99.2 prefixLength 24
03-27 20:12:04.130 D/DHCP    (   81): dns1: 61.128.128.68
03-27 20:12:04.130 D/DHCP    (   81): dns2: 61.128.192.68
03-27 20:12:04.130 D/DHCP    (   81): server 172.17.99.2, lease 86400 seconds
03-27 20:12:04.130 D/DHCP    (   81): configuring wlan0
03-27 20:12:04.150 D/NetUtils(   81): Don't create null default route on wlan0
03-27 20:12:04.350 D/        (  139): vbox_graph_mode=1280x720
03-27 20:12:04.350 E/vinput-seamless(  141): found PS2 device
03-27 20:12:04.350 E/vinput-seamless(  141): found seamless mouse device
--------- beginning of /dev/log/system
03-27 20:12:04.630 I/NOX     (   71): Starting NOX
03-27 20:12:05.370 I/installd(  171): installd firing up
03-27 20:12:05.370 I/DEBUG   (  164): debuggerd: Sep  7 2017 16:04:41
03-27 20:12:05.690 D/dalvikvm(  150): Using executionMode 3
03-27 20:12:05.810 I/Netd    (  163): Netd 1.0 starting
03-27 20:12:05.810 W/InterfaceController(  163): Warning (dlopen failed: library "/system/lib/libnetcmdiface.so" not found) while opening the net interface command library
03-27 20:12:05.830 I/Vold    (  160): Vold 2.1 (the revenge) firing up
03-27 20:12:06.020 I/SurfaceFlinger(  167): SurfaceFlinger is starting
03-27 20:12:06.040 I/SurfaceFlinger(  167): SurfaceFlinger's main thread ready to run. Initializing graphics H/W...
03-27 20:12:06.090 V/NatController(  163): runCmd(/system/bin/iptables -F natctrl_FORWARD) res=1
03-27 20:12:06.320 I/iptables(  163): iptables: No chain/target/match by that name.
03-27 20:12:06.320 I/iptables(  163): iptables terminated by exit(1)
03-27 20:12:06.320 E/BandwidthController(  163): runIptablesCmd(): res=1 status=256 failed /system/bin/iptables -A bw_INPUT -m owner --socket-exists
03-27 20:12:06.320 I/ip6tables(  163): ip6tables: No chain/target/match by that name.
03-27 20:12:06.320 I/ip6tables(  163): ip6tables terminated by exit(1)
03-27 20:12:06.320 E/BandwidthController(  163): runIptablesCmd(): res=1 status=256 failed /system/bin/ip6tables -A bw_INPUT -m owner --socket-exists
03-27 20:12:06.320 I/iptables(  163): iptables: No chain/target/match by that name.
03-27 20:12:06.320 I/iptables(  163): iptables terminated by exit(1)
03-27 20:12:06.320 E/Netd    (  163): exec() res=0, status=256 for /system/bin/iptables -t mangle -F st_mangle_OUTPUT 
03-27 20:12:06.320 I/ip6tables(  163): ip6tables: No chain/target/match by that name.
03-27 20:12:06.340 I/ip6tables(  163): ip6tables terminated by exit(1)
03-27 20:12:06.340 E/Netd    (  163): exec() res=0, status=256 for /system/bin/ip6tables -t mangle -F st_mangle_OUTPUT 
03-27 20:12:06.340 I/iptables(  163): iptables: No chain/target/match by that name.
03-27 20:12:06.340 I/iptables(  163): iptables terminated by exit(1)
03-27 20:12:06.340 E/Netd    (  163): exec() res=0, status=256 for /system/bin/iptables -t mangle -F st_mangle_EXEMPT 
03-27 20:12:06.340 I/ip6tables(  163): ip6tables: No chain/target/match by that name.
03-27 20:12:06.340 I/ip6tables(  163): ip6tables terminated by exit(1)
03-27 20:12:06.340 E/Netd    (  163): exec() res=0, status=256 for /system/bin/ip6tables -t mangle -F st_mangle_EXEMPT 
03-27 20:12:06.340 I/iptables(  163): iptables: No chain/target/match by that name.
03-27 20:12:06.340 I/iptables(  163): iptables terminated by exit(1)
03-27 20:12:06.340 E/Netd    (  163): exec() res=0, status=256 for /system/bin/iptables -t mangle -A st_mangle_OUTPUT -m mark --mark 1 -j RETURN 
03-27 20:12:06.340 I/ip6tables(  163): ip6tables: No chain/target/match by that name.
03-27 20:12:06.340 I/ip6tables(  163): ip6tables terminated by exit(1)
03-27 20:12:06.340 E/Netd    (  163): exec() res=0, status=256 for /system/bin/ip6tables -t mangle -A st_mangle_OUTPUT -m mark --mark 1 -j RETURN 
03-27 20:12:06.340 I/iptables(  163): iptables: No chain/target/match by that name.
03-27 20:12:06.340 I/iptables(  163): iptables terminated by exit(1)
03-27 20:12:06.340 E/Netd    (  163): exec() res=0, status=256 for /system/bin/iptables -t mangle -A st_mangle_OUTPUT -m owner --uid-owner vpn -j RETURN 
03-27 20:12:06.340 I/ip6tables(  163): ip6tables: No chain/target/match by that name.
03-27 20:12:06.340 I/ip6tables(  163): ip6tables terminated by exit(1)
03-27 20:12:06.340 E/Netd    (  163): exec() res=0, status=256 for /system/bin/ip6tables -t mangle -A st_mangle_OUTPUT -m owner --uid-owner vpn -j RETURN 
03-27 20:12:06.340 D/MDnsDS  (  163): MDnsSdListener::Hander starting up
03-27 20:12:06.340 D/MDnsDS  (  163): MDnsSdListener starting to monitor
03-27 20:12:06.340 D/MDnsDS  (  163): Going to poll with pollCount 1
03-27 20:12:06.610 D/libEGL  (  167): loaded /system/lib/egl/libEGL_adreno.so
03-27 20:12:07.080 I/mediaserver(  170): ServiceManager: 0xb7da8d40
03-27 20:12:07.080 I/AudioFlinger(  170): Using default 3000 mSec as standby time.
03-27 20:12:07.080 I/CameraService(  170): CameraService started (pid=170)
03-27 20:12:07.280 D/        (  167): HostConnection::get() New Host Connection established 0xb78e2880, tid 167
03-27 20:12:07.290 D/libEGL  (  167): loaded /system/lib/egl/libGLESv1_CM_adreno.so
03-27 20:12:07.290 D/libEGL  (  167): loaded /system/lib/egl/libGLESv2_adreno.so
03-27 20:12:07.300 E/SurfaceFlinger(  167): hwcomposer module not found
03-27 20:12:07.300 W/SurfaceFlinger(  167): getting VSYNC period from fb HAL: 16666666
03-27 20:12:07.300 W/SurfaceFlinger(  167): no suitable EGLConfig found, trying a simpler query
03-27 20:12:07.300 I/SurfaceFlinger(  167): EGL informations:
03-27 20:12:07.300 I/SurfaceFlinger(  167): vendor    : Android
03-27 20:12:07.300 I/SurfaceFlinger(  167): version   : 1.4 Android META-EGL
03-27 20:12:07.300 I/SurfaceFlinger(  167): extensions: EGL_KHR_get_all_proc_addresses EGL_ANDROID_presentation_time EGL_KHR_image_base 
03-27 20:12:07.300 I/SurfaceFlinger(  167): Client API: OpenGL_ES
03-27 20:12:07.300 I/SurfaceFlinger(  167): EGLSurface: 8-8-8-8, config=0x8
03-27 20:12:07.330 I/SurfaceFlinger(  167): OpenGL ES informations:
03-27 20:12:07.330 I/SurfaceFlinger(  167): vendor    : ARM
03-27 20:12:07.330 I/SurfaceFlinger(  167): renderer  : Mali-450 MP
03-27 20:12:07.330 I/SurfaceFlinger(  167): version   : OpenGL ES 2.0
03-27 20:12:07.330 I/SurfaceFlinger(  167): extensions: GL_EXT_debug_marker GL_OES_EGL_image GL_OES_depth24 GL_OES_depth32 GL_OES_element_index_uint GL_OES_texture_float GL_OES_texture_float_linear GL_EXT_texture_format_BGRA8888 GL_OES_compressed_paletted_texture GL_OES_compressed_ETC1_RGB8_texture GL_OES_depth_texture GL_OES_texture_half_float GL_OES_texture_half_float_linear GL_OES_packed_depth_stencil GL_OES_vertex_half_float GL_OES_EGL_image_external GL_IMG_texture_compression_pvrtc
03-27 20:12:07.330 I/SurfaceFlinger(  167): GL_MAX_TEXTURE_SIZE = 8192
03-27 20:12:07.330 I/SurfaceFlinger(  167): GL_MAX_VIEWPORT_DIMS = 8192
03-27 20:12:07.420 E/cutils-trace(  167): Error opening trace file: No such file or directory (2)
03-27 20:12:07.450 D/SurfaceFlinger(  167): setOrientation, mFbdev=0xb78e4560, mFbDev->setOrientation=0xb699ece0, orientation=0
03-27 20:12:07.450 I/gralloc_nox(  167): setOrientation: orientation=0
03-27 20:12:07.480 D/SurfaceFlinger(  167): Screen acquired, type=0 flinger=0xb78e0820
03-27 20:12:08.160 D/libEGL  (  252): loaded /system/lib/egl/libEGL_adreno.so
03-27 20:12:08.180 D/        (  252): HostConnection::get() New Host Connection established 0xb7d76810, tid 254
03-27 20:12:08.180 D/libEGL  (  252): loaded /system/lib/egl/libGLESv1_CM_adreno.so
03-27 20:12:08.180 D/libEGL  (  252): loaded /system/lib/egl/libGLESv2_adreno.so
03-27 20:12:08.180 E/cutils-trace(  252): Error opening trace file: No such file or directory (2)
03-27 20:12:08.180 D/        (  167): HostConnection::get() New Host Connection established 0xb78ea510, tid 179
03-27 20:12:08.210 D/dalvikvm(  150): Trying to load lib libjavacore.so 0x0
03-27 20:12:08.540 D/dalvikvm(  150): Added shared lib libjavacore.so 0x0
03-27 20:12:09.010 D/        (  167): HostConnection::get() New Host Connection established 0xb78eaa60, tid 181
03-27 20:12:09.010 D/dalvikvm(  150): Trying to load lib libnativehelper.so 0x0
03-27 20:12:09.010 D/dalvikvm(  150): Added shared lib libnativehelper.so 0x0
03-27 20:12:09.010 D/dalvikvm(  150): No JNI_OnLoad found in libnativehelper.so 0x0, skipping init
03-27 20:12:09.530 D/AndroidRuntime(  168): 
03-27 20:12:09.530 D/AndroidRuntime(  168): >>>>>> AndroidRuntime START com.android.internal.os.ZygoteInit <<<<<<
03-27 20:12:09.530 W/EmulatedCamera_Factory(  170):  camera socket connect is not connected, wait(1)...
03-27 20:12:09.530 D/EmulatedCamera_Factory(  170): threadLoop()...
03-27 20:12:09.530 D/EmulatedCamera_Factory(  170): Waiting for player
03-27 20:12:09.600 E/cutils-trace(  150): Error opening trace file: No such file or directory (2)
03-27 20:12:09.670 D/AndroidRuntime(  168): CheckJNI is OFF
03-27 20:12:09.670 D/dalvikvm(  168): Using executionMode 2
03-27 20:12:09.680 D/dalvikvm(  168): Trying to load lib libjavacore.so 0x0
03-27 20:12:09.680 D/dalvikvm(  168): Added shared lib libjavacore.so 0x0
03-27 20:12:09.680 D/dalvikvm(  168): Trying to load lib libnativehelper.so 0x0
03-27 20:12:09.680 D/dalvikvm(  168): Added shared lib libnativehelper.so 0x0
03-27 20:12:09.680 D/dalvikvm(  168): No JNI_OnLoad found in libnativehelper.so 0x0, skipping init
03-27 20:12:09.800 D/EmulatedCamera_Factory(  170): Player connected fd:14
03-27 20:12:09.920 D/dalvikvm(  168): Note: class Landroid/app/ActivityManagerNative; has 179 unimplemented (abstract) methods
03-27 20:12:10.130 E/memtrack(  168): Couldn't load memtrack module (No such file or directory)
03-27 20:12:10.130 E/android.os.Debug(  168): failed to load memtrack module: -2
03-27 20:12:10.360 I/SamplingProfilerIntegration(  168): Profiling disabled.
03-27 20:12:10.540 D/EmulatedCamera_Factory(  170):  camera socket connect is connected:14
03-27 20:12:10.600 I/Zygote  (  168): Preloading classes...
03-27 20:12:10.600 E/cutils-trace(  168): Error opening trace file: No such file or directory (2)
03-27 20:12:10.600 D/dalvikvm(  168): GC_EXPLICIT freed 612K, 36% free 1100K/1716K, paused 0ms+1ms, total 2ms
03-27 20:12:10.600 D/dalvikvm(  168): GC_FOR_ALLOC freed 6K, 35% free 1116K/1716K, paused 1ms, total 1ms
03-27 20:12:10.610 D/dalvikvm(  168): GC_FOR_ALLOC freed <1K, 35% free 1155K/1756K, paused 3ms, total 3ms
03-27 20:12:10.610 D/dalvikvm(  168): GC_EXPLICIT freed <1K, 34% free 1165K/1756K, paused 0ms+0ms, total 1ms
03-27 20:12:10.630 D/dalvikvm(  168): GC_EXPLICIT freed 15K, 32% free 1209K/1756K, paused 0ms+1ms, total 2ms
03-27 20:12:10.660 V/EmulatedCamera_FakeDevice(  170): EmulatedFakeCameraDevice
03-27 20:12:10.660 D/EmulatedCamera_FakeCamera(  170): Initialize
03-27 20:12:10.660 D/EmulatedCamera_FakeCamera(  170): Initialize: Fake camera is facing back
03-27 20:12:10.660 D/EmulatedCamera_Camera(  170): Initialize
03-27 20:12:10.660 V/EmulatedCamera_FakeDevice(  170): EmulatedFakeCameraDevice
03-27 20:12:10.660 D/EmulatedCamera_FakeCamera(  170): Initialize
03-27 20:12:10.660 D/EmulatedCamera_FakeCamera(  170): Initialize: Fake camera is facing front
03-27 20:12:10.660 D/EmulatedCamera_Camera(  170): Initialize
03-27 20:12:10.660 I/CameraService(  170): Loaded "Camera Module" camera module
03-27 20:12:10.660 D/dalvikvm(  168): GC_EXPLICIT freed 20K, 28% free 1273K/1756K, paused 0ms+1ms, total 7ms
03-27 20:12:10.680 D/dalvikvm(  168): GC_EXPLICIT freed 28K, 26% free 1309K/1756K, paused 1ms+1ms, total 2ms
03-27 20:12:10.680 D/dalvikvm(  168): GC_EXPLICIT freed 33K, 25% free 1331K/1756K, paused 0ms+0ms, total 1ms
03-27 20:12:10.710 I/AudioPolicyManagerBase(  170): loadAudioPolicyConfig() loaded /system/etc/audio_policy.conf
03-27 20:12:10.720 I/AudioFlinger(  170): loadHwModule() Loaded primary audio interface from NOX audio HW HAL (audio) handle 1
03-27 20:12:10.720 I/AudioFlinger(  170): HAL output buffer size 880 frames, normal mix buffer size 1056 frames
03-27 20:12:10.760 I/AudioMixer(  170): found effect "Multichannel Downmix To Stereo" from The Android Open Source Project
03-27 20:12:10.760 E/MonoPipe(  170): Failed to fetch local time frequency when constructing a MonoPipe (res = -32).  getNextWriteTimestamp calls will be non-functional
03-27 20:12:11.140 D/dalvikvm(  168): GC_EXPLICIT freed 22K, 22% free 1370K/1756K, paused 0ms+0ms, total 2ms
03-27 20:12:11.440 D/dalvikvm(  150): GC_FOR_ALLOC freed 879K, 44% free 1149K/2032K, paused 2ms, total 8ms
03-27 20:12:11.490 D/dalvikvm(  150): GC_CONCURRENT freed 444K, 22% free 1755K/2240K, paused 3ms+1ms, total 6ms
03-27 20:12:11.650 D/dalvikvm(  150): GC_FOR_ALLOC freed 739K, 30% free 2266K/3200K, paused 7ms, total 7ms
03-27 20:12:11.710 D/dalvikvm(  150): GC_FOR_ALLOC freed 1009K, 35% free 2693K/4096K, paused 4ms, total 4ms
03-27 20:12:11.720 D/dalvikvm(  150): GC_FOR_ALLOC freed 1005K, 34% free 3084K/4608K, paused 3ms, total 3ms
03-27 20:12:11.860 D/dalvikvm(  150): GC_CONCURRENT freed 968K, 20% free 4110K/5076K, paused 1ms+1ms, total 13ms
03-27 20:12:11.910 D/dalvikvm(  150): GC_CONCURRENT freed 1318K, 22% free 4817K/6140K, paused 1ms+0ms, total 7ms
03-27 20:12:11.970 D/dalvikvm(  168): GC_EXPLICIT freed 30K, 21% free 1400K/1756K, paused 0ms+0ms, total 2ms
03-27 20:12:11.970 D/dalvikvm(  150): GC_CONCURRENT freed 678K, 10% free 6189K/6868K, paused 0ms+0ms, total 7ms
03-27 20:12:11.970 D/dalvikvm(  150): WAIT_FOR_CONCURRENT_GC blocked 2ms
03-27 20:12:12.180 D/TextLayoutCache(  168): Using debug level = 0 - Debug Enabled = 0
03-27 20:12:12.400 D/dalvikvm(  150): GC_CONCURRENT freed 2078K, 27% free 6059K/8224K, paused 1ms+6ms, total 10ms
03-27 20:12:12.410 I/dalvikvm(  168): threadid=1: recursive native library load attempt (/system/lib/libmedia_jni.so)
03-27 20:12:12.410 D/MtpDeviceJNI(  168): register_android_mtp_MtpDevice
03-27 20:12:12.410 I/dalvikvm(  168): threadid=1: recursive native library load attempt (/system/lib/libmedia_jni.so)
03-27 20:12:12.410 I/dalvikvm(  168): threadid=1: recursive native library load attempt (/system/lib/libmedia_jni.so)
03-27 20:12:12.410 I/dalvikvm(  168): threadid=1: recursive native library load attempt (/system/lib/libmedia_jni.so)
03-27 20:12:12.410 D/dalvikvm(  168): GC_EXPLICIT freed 9K, 18% free 1444K/1756K, paused 0ms+1ms, total 2ms
03-27 20:12:12.460 D/dalvikvm(  150): GC_CONCURRENT freed 5693K, 81% free 1623K/8224K, paused 0ms+1ms, total 6ms
03-27 20:12:12.920 D/dalvikvm(  168): GC_EXPLICIT freed 24K, 16% free 1482K/1756K, paused 0ms+1ms, total 4ms
03-27 20:12:12.980 D/dalvikvm(  168): GC_EXPLICIT freed 15K, 14% free 1522K/1756K, paused 0ms+1ms, total 3ms
03-27 20:12:12.990 D/dalvikvm(  168): GC_EXPLICIT freed 29K, 12% free 1549K/1756K, paused 0ms+0ms, total 2ms
03-27 20:12:13.020 D/dalvikvm(  168): GC_EXPLICIT freed 11K, 9% free 1599K/1756K, paused 0ms+0ms, total 1ms
03-27 20:12:13.020 E/EmojiFactory_jni(  168): Failed to load libemoji.so: dlopen failed: library "libemoji.so" not found
03-27 20:12:13.040 D/dalvikvm(  168): GC_EXPLICIT freed 37K, 3% free 1919K/1960K, paused 1ms+0ms, total 2ms
03-27 20:12:13.040 D/dalvikvm(  168): GC_EXPLICIT freed 34K, 2% free 1943K/1980K, paused 1ms+1ms, total 3ms
03-27 20:12:13.050 D/dalvikvm(  168): GC_EXPLICIT freed 29K, 2% free 1967K/2000K, paused 0ms+0ms, total 1ms
03-27 20:12:13.070 D/dalvikvm(  168): GC_EXPLICIT freed 37K, 2% free 1984K/2024K, paused 1ms+0ms, total 3ms
03-27 20:12:13.090 I/LibraryLoader(  168): loading: webviewchromium
03-27 20:12:13.540 I/LibraryLoader(  168): loaded: webviewchromium
03-27 20:12:13.550 D/dalvikvm(  168): GC_EXPLICIT freed 14K, 1% free 2026K/2044K, paused 0ms+0ms, total 2ms
03-27 20:12:13.580 D/dalvikvm(  168): GC_EXPLICIT freed 24K, 2% free 2055K/2084K, paused 1ms+0ms, total 3ms
03-27 20:12:13.610 D/dalvikvm(  168): GC_EXPLICIT freed 30K, 2% free 2085K/2116K, paused 0ms+0ms, total 3ms
03-27 20:12:13.630 D/dalvikvm(  168): GC_EXPLICIT freed 35K, 2% free 2104K/2144K, paused 0ms+0ms, total 2ms
03-27 20:12:13.640 D/dalvikvm(  168): GC_EXPLICIT freed 31K, 2% free 2133K/2168K, paused 1ms+0ms, total 2ms
03-27 20:12:13.640 D/dalvikvm(  168): GC_EXPLICIT freed 33K, 2% free 2154K/2192K, paused 0ms+1ms, total 2ms
03-27 20:12:13.650 D/dalvikvm(  168): GC_EXPLICIT freed 35K, 2% free 2172K/2212K, paused 0ms+0ms, total 2ms
03-27 20:12:13.650 D/dalvikvm(  168): GC_EXPLICIT freed 32K, 2% free 2214K/2248K, paused 0ms+0ms, total 2ms
03-27 20:12:13.650 W/Zygote  (  168): Class not found for preloading: java.lang.UnsafeByteSequence
03-27 20:12:13.660 D/dalvikvm(  168): GC_EXPLICIT freed 37K, 2% free 2233K/2272K, paused 1ms+0ms, total 3ms
03-27 20:12:13.660 D/dalvikvm(  168): GC_EXPLICIT freed 43K, 2% free 2246K/2292K, paused 0ms+0ms, total 2ms
03-27 20:12:13.680 D/dalvikvm(  168): GC_EXPLICIT freed 41K, 2% free 2260K/2304K, paused 0ms+0ms, total 2ms
03-27 20:12:13.730 I/System  (  168): Loaded time zone names for "" in 43ms (43ms in ICU)
03-27 20:12:13.740 I/System  (  168): Loaded time zone names for "en_US" in 21ms (19ms in ICU)
03-27 20:12:13.770 I/System  (  168): Loaded time zone names for "zh_CN" in 30ms (27ms in ICU)
03-27 20:12:13.780 D/dalvikvm(  168): GC_EXPLICIT freed 270K, 10% free 2474K/2748K, paused 0ms+0ms, total 2ms
03-27 20:12:13.780 D/dalvikvm(  168): GC_EXPLICIT freed 14K, 8% free 2534K/2748K, paused 0ms+0ms, total 4ms
03-27 20:12:13.790 D/dalvikvm(  168): GC_EXPLICIT freed 42K, 8% free 2546K/2748K, paused 0ms+0ms, total 2ms
03-27 20:12:13.790 D/dalvikvm(  168): GC_EXPLICIT freed 33K, 7% free 2568K/2748K, paused 0ms+0ms, total 2ms
03-27 20:12:13.800 D/dalvikvm(  168): GC_EXPLICIT freed 36K, 6% free 2586K/2748K, paused 0ms+0ms, total 3ms
03-27 20:12:13.800 I/Zygote  (  168): ...preloaded 2777 classes in 3201ms.
03-27 20:12:13.910 D/dalvikvm(  168): GC_EXPLICIT freed 25K, 6% free 2601K/2748K, paused 0ms+0ms, total 2ms
03-27 20:12:13.910 I/Zygote  (  168): Preloading resources...
03-27 20:12:13.950 W/Resources(  168): Preloaded drawable resource #0x1080096 (android:drawable/toast_frame) that varies with configuration!!
03-27 20:12:13.950 W/Resources(  168): Preloaded drawable resource #0x1080105 (android:drawable/btn_check_on_pressed_holo_light) that varies with configuration!!
03-27 20:12:13.950 W/Resources(  168): Preloaded drawable resource #0x1080104 (android:drawable/btn_check_on_pressed_holo_dark) that varies with configuration!!
03-27 20:12:13.950 D/dalvikvm(  168): GC_EXPLICIT freed 22K, 5% free 2630K/2748K, paused 1ms+0ms, total 3ms
03-27 20:12:13.970 W/Resources(  168): Preloaded drawable resource #0x1080102 (android:drawable/btn_check_on_holo_light) that varies with configuration!!
03-27 20:12:13.970 W/Resources(  168): Preloaded drawable resource #0x1080101 (android:drawable/btn_check_on_holo_dark) that varies with configuration!!
03-27 20:12:13.970 W/Resources(  168): Preloaded drawable resource #0x10800ff (android:drawable/btn_check_on_focused_holo_light) that varies with configuration!!
03-27 20:12:13.970 W/Resources(  168): Preloaded drawable resource #0x10800fe (android:drawable/btn_check_on_focused_holo_dark) that varies with configuration!!
03-27 20:12:13.970 W/Resources(  168): Preloaded drawable resource #0x10800fd (android:drawable/btn_check_on_disabled_holo_light) that varies with configuration!!
03-27 20:12:13.970 D/dalvikvm(  168): WAIT_FOR_CONCURRENT_GC blocked 1ms
03-27 20:12:13.970 D/dalvikvm(  168): GC_EXPLICIT freed 72K, 5% free 2611K/2748K, paused 0ms+0ms, total 3ms
03-27 20:12:13.970 W/Resources(  168): Preloaded drawable resource #0x10800fc (android:drawable/btn_check_on_disabled_holo_dark) that varies with configuration!!
03-27 20:12:13.970 W/Resources(  168): Preloaded drawable resource #0x10800fb (android:drawable/btn_check_on_disabled_focused_holo_light) that varies with configuration!!
03-27 20:12:13.970 W/Resources(  168): Preloaded drawable resource #0x10800fa (android:drawable/btn_check_on_disabled_focused_holo_dark) that varies with configuration!!
03-27 20:12:13.970 W/Resources(  168): Preloaded drawable resource #0x10800f2 (android:drawable/btn_check_off_pressed_holo_light) that varies with configuration!!
03-27 20:12:13.970 W/Resources(  168): Preloaded drawable resource #0x10800f1 (android:drawable/btn_check_off_pressed_holo_dark) that varies with configuration!!
03-27 20:12:13.970 D/dalvikvm(  168): GC_EXPLICIT freed 53K, 5% free 2612K/2748K, paused 1ms+0ms, total 3ms
03-27 20:12:13.970 W/Resources(  168): Preloaded drawable resource #0x10800ed (android:drawable/btn_check_off_holo_light) that varies with configuration!!
03-27 20:12:13.970 W/Resources(  168): Preloaded drawable resource #0x10800ec (android:drawable/btn_check_off_holo_dark) that varies with configuration!!
03-27 20:12:13.970 W/Resources(  168): Preloaded drawable resource #0x10800ea (android:drawable/btn_check_off_focused_holo_light) that varies with configuration!!
03-27 20:12:13.970 W/Resources(  168): Preloaded drawable resource #0x10800e9 (android:drawable/btn_check_off_focused_holo_dark) that varies with configuration!!
03-27 20:12:13.970 W/Resources(  168): Preloaded drawable resource #0x10800e8 (android:drawable/btn_check_off_disabled_holo_light) that varies with configuration!!
03-27 20:12:13.970 D/dalvikvm(  168): GC_EXPLICIT freed 53K, 5% free 2613K/2748K, paused 1ms+0ms, total 3ms
03-27 20:12:13.970 W/Resources(  168): Preloaded drawable resource #0x10800e7 (android:drawable/btn_check_off_disabled_holo_dark) that varies with configuration!!
03-27 20:12:13.970 W/Resources(  168): Preloaded drawable resource #0x10800e6 (android:drawable/btn_check_off_disabled_focused_holo_light) that varies with configuration!!
03-27 20:12:13.970 W/Resources(  168): Preloaded drawable resource #0x10800e5 (android:drawable/btn_check_off_disabled_focused_holo_dark) that varies with configuration!!
03-27 20:12:13.990 W/Resources(  168): Preloaded drawable resource #0x1080102 (android:drawable/btn_check_on_holo_light) that varies with configuration!!
03-27 20:12:13.990 W/Resources(  168): Preloaded drawable resource #0x10800ed (android:drawable/btn_check_off_holo_light) that varies with configuration!!
03-27 20:12:13.990 W/Resources(  168): Preloaded drawable resource #0x1080105 (android:drawable/btn_check_on_pressed_holo_light) that varies with configuration!!
03-27 20:12:13.990 W/Resources(  168): Preloaded drawable resource #0x10800f2 (android:drawable/btn_check_off_pressed_holo_light) that varies with configuration!!
03-27 20:12:13.990 W/Resources(  168): Preloaded drawable resource #0x10800ff (android:drawable/btn_check_on_focused_holo_light) that varies with configuration!!
03-27 20:12:13.990 W/Resources(  168): Preloaded drawable resource #0x10800ea (android:drawable/btn_check_off_focused_holo_light) that varies with configuration!!
03-27 20:12:13.990 W/Resources(  168): Preloaded drawable resource #0x10800ed (android:drawable/btn_check_off_holo_light) that varies with configuration!!
03-27 20:12:14.010 W/Resources(  168): Preloaded drawable resource #0x1080102 (android:drawable/btn_check_on_holo_light) that varies with configuration!!
03-27 20:12:14.010 W/Resources(  168): Preloaded drawable resource #0x10800fd (android:drawable/btn_check_on_disabled_holo_light) that varies with configuration!!
03-27 20:12:14.010 W/Resources(  168): Preloaded drawable resource #0x10800e8 (android:drawable/btn_check_off_disabled_holo_light) that varies with configuration!!
03-27 20:12:14.010 W/Resources(  168): Preloaded drawable resource #0x10800fb (android:drawable/btn_check_on_disabled_focused_holo_light) that varies with configuration!!
03-27 20:12:14.010 W/Resources(  168): Preloaded drawable resource #0x10800e6 (android:drawable/btn_check_off_disabled_focused_holo_light) that varies with configuration!!
03-27 20:12:14.010 W/Resources(  168): Preloaded drawable resource #0x10800e8 (android:drawable/btn_check_off_disabled_holo_light) that varies with configuration!!
03-27 20:12:14.010 W/Resources(  168): Preloaded drawable resource #0x10800fd (android:drawable/btn_check_on_disabled_holo_light) that varies with configuration!!
03-27 20:12:14.010 W/Resources(  168): Preloaded drawable resource #0x10800dc (android:drawable/btn_check_holo_light) that varies with configuration!!
03-27 20:12:14.010 W/Resources(  168): Preloaded drawable resource #0x1080101 (android:drawable/btn_check_on_holo_dark) that varies with configuration!!
03-27 20:12:14.010 W/Resources(  168): Preloaded drawable resource #0x10800ec (android:drawable/btn_check_off_holo_dark) that varies with configuration!!
03-27 20:12:14.010 W/Resources(  168): Preloaded drawable resource #0x1080104 (android:drawable/btn_check_on_pressed_holo_dark) that varies with configuration!!
03-27 20:12:14.010 W/Resources(  168): Preloaded drawable resource #0x10800f1 (android:drawable/btn_check_off_pressed_holo_dark) that varies with configuration!!
03-27 20:12:14.010 W/Resources(  168): Preloaded drawable resource #0x10800fe (android:drawable/btn_check_on_focused_holo_dark) that varies with configuration!!
03-27 20:12:14.010 W/Resources(  168): Preloaded drawable resource #0x10800e9 (android:drawable/btn_check_off_focused_holo_dark) that varies with configuration!!
03-27 20:12:14.010 W/Resources(  168): Preloaded drawable resource #0x10800ec (android:drawable/btn_check_off_holo_dark) that varies with configuration!!
03-27 20:12:14.010 W/Resources(  168): Preloaded drawable resource #0x1080101 (android:drawable/btn_check_on_holo_dark) that varies with configuration!!
03-27 20:12:14.010 W/Resources(  168): Preloaded drawable resource #0x10800fc (android:drawable/btn_check_on_disabled_holo_dark) that varies with configuration!!
03-27 20:12:14.010 W/Resources(  168): Preloaded drawable resource #0x10800e7 (android:drawable/btn_check_off_disabled_holo_dark) that varies with configuration!!
03-27 20:12:14.010 W/Resources(  168): Preloaded drawable resource #0x10800fa (android:drawable/btn_check_on_disabled_focused_holo_dark) that varies with configuration!!
03-27 20:12:14.010 W/Resources(  168): Preloaded drawable resource #0x10800e5 (android:drawable/btn_check_off_disabled_focused_holo_dark) that varies with configuration!!
03-27 20:12:14.010 W/Resources(  168): Preloaded drawable resource #0x10800e7 (android:drawable/btn_check_off_disabled_holo_dark) that varies with configuration!!
03-27 20:12:14.010 W/Resources(  168): Preloaded drawable resource #0x10800fc (android:drawable/btn_check_on_disabled_holo_dark) that varies with configuration!!
03-27 20:12:14.010 W/Resources(  168): Preloaded drawable resource #0x10800db (android:drawable/btn_check_holo_dark) that varies with configuration!!
03-27 20:12:14.010 D/dalvikvm(  168): GC_EXPLICIT freed 152K, 8% free 2617K/2832K, paused 0ms+0ms, total 3ms
03-27 20:12:14.010 W/Resources(  168): Preloaded drawable resource #0x1080195 (android:drawable/btn_radio_on_pressed_holo_light) that varies with configuration!!
03-27 20:12:14.010 W/Resources(  168): Preloaded drawable resource #0x1080194 (android:drawable/btn_radio_on_pressed_holo_dark) that varies with configuration!!
03-27 20:12:14.010 W/Resources(  168): Preloaded drawable resource #0x1080192 (android:drawable/btn_radio_on_holo_light) that varies with configuration!!
03-27 20:12:14.010 W/Resources(  168): Preloaded drawable resource #0x1080191 (android:drawable/btn_radio_on_holo_dark) that varies with configuration!!
03-27 20:12:14.010 W/Resources(  168): Preloaded drawable resource #0x108018f (android:drawable/btn_radio_on_focused_holo_light) that varies with configuration!!
03-27 20:12:14.010 D/dalvikvm(  168): GC_EXPLICIT freed 180K, 8% free 2618K/2832K, paused 0ms+1ms, total 4ms
03-27 20:12:14.020 D/dalvikvm(  168): GC_EXPLICIT freed 55K, 8% free 2616K/2832K, paused 0ms+0ms, total 2ms
03-27 20:12:14.020 W/Resources(  168): Preloaded drawable resource #0x108018e (android:drawable/btn_radio_on_focused_holo_dark) that varies with configuration!!
03-27 20:12:14.020 W/Resources(  168): Preloaded drawable resource #0x108018d (android:drawable/btn_radio_on_disabled_holo_light) that varies with configuration!!
03-27 20:12:14.020 W/Resources(  168): Preloaded drawable resource #0x108018c (android:drawable/btn_radio_on_disabled_holo_dark) that varies with configuration!!
03-27 20:12:14.020 W/Resources(  168): Preloaded drawable resource #0x108018b (android:drawable/btn_radio_on_disabled_focused_holo_light) that varies with configuration!!
03-27 20:12:14.020 W/Resources(  168): Preloaded drawable resource #0x108018a (android:drawable/btn_radio_on_disabled_focused_holo_dark) that varies with configuration!!
03-27 20:12:14.020 D/dalvikvm(  168): GC_EXPLICIT freed 53K, 8% free 2617K/2832K, paused 1ms+0ms, total 6ms
03-27 20:12:14.030 W/Resources(  168): Preloaded drawable resource #0x1080187 (android:drawable/btn_radio_off_pressed_holo_light) that varies with configuration!!
03-27 20:12:14.030 W/Resources(  168): Preloaded drawable resource #0x1080186 (android:drawable/btn_radio_off_pressed_holo_dark) that varies with configuration!!
03-27 20:12:14.030 W/Resources(  168): Preloaded drawable resource #0x1080184 (android:drawable/btn_radio_off_holo_light) that varies with configuration!!
03-27 20:12:14.030 W/Resources(  168): Preloaded drawable resource #0x1080183 (android:drawable/btn_radio_off_holo_dark) that varies with configuration!!
03-27 20:12:14.030 W/Resources(  168): Preloaded drawable resource #0x1080181 (android:drawable/btn_radio_off_focused_holo_light) that varies with configuration!!
03-27 20:12:14.030 D/dalvikvm(  168): GC_EXPLICIT freed 53K, 8% free 2617K/2832K, paused 0ms+1ms, total 3ms
03-27 20:12:14.030 W/Resources(  168): Preloaded drawable resource #0x1080180 (android:drawable/btn_radio_off_focused_holo_dark) that varies with configuration!!
03-27 20:12:14.030 W/Resources(  168): Preloaded drawable resource #0x108017f (android:drawable/btn_radio_off_disabled_holo_light) that varies with configuration!!
03-27 20:12:14.030 W/Resources(  168): Preloaded drawable resource #0x108017e (android:drawable/btn_radio_off_disabled_holo_dark) that varies with configuration!!
03-27 20:12:14.030 W/Resources(  168): Preloaded drawable resource #0x108017d (android:drawable/btn_radio_off_disabled_focused_holo_light) that varies with configuration!!
03-27 20:12:14.030 W/Resources(  168): Preloaded drawable resource #0x108017c (android:drawable/btn_radio_off_disabled_focused_holo_dark) that varies with configuration!!
03-27 20:12:14.030 D/dalvikvm(  168): GC_EXPLICIT freed 53K, 8% free 2618K/2832K, paused 1ms+0ms, total 3ms
03-27 20:12:14.030 W/Resources(  168): Preloaded drawable resource #0x1080128 (android:drawable/btn_default_pressed_holo_light) that varies with configuration!!
03-27 20:12:14.030 W/Resources(  168): Preloaded drawable resource #0x1080127 (android:drawable/btn_default_pressed_holo_dark) that varies with configuration!!
03-27 20:12:14.030 W/Resources(  168): Preloaded drawable resource #0x1080124 (android:drawable/btn_default_normal_holo_light) that varies with configuration!!
03-27 20:12:14.040 W/Resources(  168): Preloaded drawable resource #0x1080123 (android:drawable/btn_default_normal_holo_dark) that varies with configuration!!
03-27 20:12:14.040 W/Resources(  168): Preloaded drawable resource #0x108011c (android:drawable/btn_default_focused_holo_light) that varies with configuration!!
03-27 20:12:14.040 W/Resources(  168): Preloaded drawable resource #0x108011b (android:drawable/btn_default_focused_holo_dark) that varies with configuration!!
03-27 20:12:14.040 D/dalvikvm(  168): GC_EXPLICIT freed 9K, 6% free 2664K/2832K, paused 1ms+0ms, total 3ms
03-27 20:12:14.040 W/Resources(  168): Preloaded drawable resource #0x1080119 (android:drawable/btn_default_disabled_holo_light) that varies with configuration!!
03-27 20:12:14.040 W/Resources(  168): Preloaded drawable resource #0x1080118 (android:drawable/btn_default_disabled_holo_dark) that varies with configuration!!
03-27 20:12:14.040 W/Resources(  168): Preloaded drawable resource #0x1080116 (android:drawable/btn_default_disabled_focused_holo_light) that varies with configuration!!
03-27 20:12:14.040 W/Resources(  168): Preloaded drawable resource #0x1080115 (android:drawable/btn_default_disabled_focused_holo_dark) that varies with configuration!!
03-27 20:12:14.040 W/Resources(  168): Preloaded drawable resource #0x1080123 (android:drawable/btn_default_normal_holo_dark) that varies with configuration!!
03-27 20:12:14.040 W/Resources(  168): Preloaded drawable resource #0x1080118 (android:drawable/btn_default_disabled_holo_dark) that varies with configuration!!
03-27 20:12:14.040 W/Resources(  168): Preloaded drawable resource #0x1080127 (android:drawable/btn_default_pressed_holo_dark) that varies with configuration!!
03-27 20:12:14.040 W/Resources(  168): Preloaded drawable resource #0x108011b (android:drawable/btn_default_focused_holo_dark) that varies with configuration!!
03-27 20:12:14.040 W/Resources(  168): Preloaded drawable resource #0x1080123 (android:drawable/btn_default_normal_holo_dark) that varies with configuration!!
03-27 20:12:14.040 W/Resources(  168): Preloaded drawable resource #0x1080115 (android:drawable/btn_default_disabled_focused_holo_dark) that varies with configuration!!
03-27 20:12:14.040 W/Resources(  168): Preloaded drawable resource #0x1080118 (android:drawable/btn_default_disabled_holo_dark) that varies with configuration!!
03-27 20:12:14.040 W/Resources(  168): Preloaded drawable resource #0x108011d (android:drawable/btn_default_holo_dark) that varies with configuration!!
03-27 20:12:14.040 D/dalvikvm(  168): GC_EXPLICIT freed 63K, 5% free 2704K/2832K, paused 0ms+0ms, total 3ms
03-27 20:12:14.040 W/Resources(  168): Preloaded drawable resource #0x1080124 (android:drawable/btn_default_normal_holo_light) that varies with configuration!!
03-27 20:12:14.040 W/Resources(  168): Preloaded drawable resource #0x1080119 (android:drawable/btn_default_disabled_holo_light) that varies with configuration!!
03-27 20:12:14.040 W/Resources(  168): Preloaded drawable resource #0x1080128 (android:drawable/btn_default_pressed_holo_light) that varies with configuration!!
03-27 20:12:14.040 W/Resources(  168): Preloaded drawable resource #0x108011c (android:drawable/btn_default_focused_holo_light) that varies with configuration!!
03-27 20:12:14.050 W/Resources(  168): Preloaded drawable resource #0x1080124 (android:drawable/btn_default_normal_holo_light) that varies with configuration!!
03-27 20:12:14.050 W/Resources(  168): Preloaded drawable resource #0x1080116 (android:drawable/btn_default_disabled_focused_holo_light) that varies with configuration!!
03-27 20:12:14.050 W/Resources(  168): Preloaded drawable resource #0x1080119 (android:drawable/btn_default_disabled_holo_light) that varies with configuration!!
03-27 20:12:14.050 W/Resources(  168): Preloaded drawable resource #0x108011e (android:drawable/btn_default_holo_light) that varies with configuration!!
03-27 20:12:14.050 D/dalvikvm(  168): GC_EXPLICIT freed 96K, 6% free 2674K/2832K, paused 0ms+0ms, total 3ms
03-27 20:12:14.050 W/Resources(  168): Preloaded drawable resource #0x10801d1 (android:drawable/btn_star_off_normal_holo_light) that varies with configuration!!
03-27 20:12:14.050 W/Resources(  168): Preloaded drawable resource #0x10801db (android:drawable/btn_star_on_normal_holo_light) that varies with configuration!!
03-27 20:12:14.050 W/Resources(  168): Preloaded drawable resource #0x10801d7 (android:drawable/btn_star_on_disabled_holo_light) that varies with configuration!!
03-27 20:12:14.050 W/Resources(  168): Preloaded drawable resource #0x10801cd (android:drawable/btn_star_off_disabled_holo_light) that varies with configuration!!
03-27 20:12:14.050 W/Resources(  168): Preloaded drawable resource #0x10801dd (android:drawable/btn_star_on_pressed_holo_light) that varies with configuration!!
03-27 20:12:14.050 D/dalvikvm(  168): GC_EXPLICIT freed 106K, 8% free 2621K/2832K, paused 0ms+0ms, total 2ms
03-27 20:12:14.050 W/Resources(  168): Preloaded drawable resource #0x10801d3 (android:drawable/btn_star_off_pressed_holo_light) that varies with configuration!!
03-27 20:12:14.050 W/Resources(  168): Preloaded drawable resource #0x10801d9 (android:drawable/btn_star_on_focused_holo_light) that varies with configuration!!
03-27 20:12:14.050 W/Resources(  168): Preloaded drawable resource #0x10801cf (android:drawable/btn_star_off_focused_holo_light) that varies with configuration!!
03-27 20:12:14.050 W/Resources(  168): Preloaded drawable resource #0x10801d5 (android:drawable/btn_star_on_disabled_focused_holo_light) that varies with configuration!!
03-27 20:12:14.070 W/Resources(  168): Preloaded drawable resource #0x10801cb (android:drawable/btn_star_off_disabled_focused_holo_light) that varies with configuration!!
03-27 20:12:14.070 D/dalvikvm(  168): GC_EXPLICIT freed 53K, 8% free 2623K/2832K, paused 0ms+0ms, total 2ms
03-27 20:12:14.070 W/Resources(  168): Preloaded drawable resource #0x10801d1 (android:drawable/btn_star_off_normal_holo_light) that varies with configuration!!
03-27 20:12:14.070 W/Resources(  168): Preloaded drawable resource #0x10801db (android:drawable/btn_star_on_normal_holo_light) that varies with configuration!!
03-27 20:12:14.070 W/Resources(  168): Preloaded drawable resource #0x10801d7 (android:drawable/btn_star_on_disabled_holo_light) that varies with configuration!!
03-27 20:12:14.070 W/Resources(  168): Preloaded drawable resource #0x10801cd (android:drawable/btn_star_off_disabled_holo_light) that varies with configuration!!
03-27 20:12:14.070 W/Resources(  168): Preloaded drawable resource #0x10801dd (android:drawable/btn_star_on_pressed_holo_light) that varies with configuration!!
03-27 20:12:14.070 W/Resources(  168): Preloaded drawable resource #0x10801d3 (android:drawable/btn_star_off_pressed_holo_light) that varies with configuration!!
03-27 20:12:14.070 W/Resources(  168): Preloaded drawable resource #0x10801d9 (android:drawable/btn_star_on_focused_holo_light) that varies with configuration!!
03-27 20:12:14.070 W/Resources(  168): Preloaded drawable resource #0x10801cf (android:drawable/btn_star_off_focused_holo_light) that varies with configuration!!
03-27 20:12:14.070 W/Resources(  168): Preloaded drawable resource #0x10801d5 (android:drawable/btn_star_on_disabled_focused_holo_light) that varies with configuration!!
03-27 20:12:14.070 W/Resources(  168): Preloaded drawable resource #0x10801d7 (android:drawable/btn_star_on_disabled_holo_light) that varies with configuration!!
03-27 20:12:14.070 W/Resources(  168): Preloaded drawable resource #0x10801cb (android:drawable/btn_star_off_disabled_focused_holo_light) that varies with configuration!!
03-27 20:12:14.070 W/Resources(  168): Preloaded drawable resource #0x10801cd (android:drawable/btn_star_off_disabled_holo_light) that varies with configuration!!
03-27 20:12:14.070 W/Resources(  168): Preloaded drawable resource #0x10801d1 (android:drawable/btn_star_off_normal_holo_light) that varies with configuration!!
03-27 20:12:14.070 W/Resources(  168): Preloaded drawable resource #0x10801db (android:drawable/btn_star_on_normal_holo_light) that varies with configuration!!
03-27 20:12:14.070 W/Resources(  168): Preloaded drawable resource #0x10801c8 (android:drawable/btn_star_holo_light) that varies with configuration!!
03-27 20:12:14.070 D/dalvikvm(  168): GC_EXPLICIT freed 149K, 8% free 2626K/2832K, paused 1ms+0ms, total 3ms
03-27 20:12:14.070 W/Resources(  168): Preloaded drawable resource #0x10801d0 (android:drawable/btn_star_off_normal_holo_dark) that varies with configuration!!
03-27 20:12:14.070 W/Resources(  168): Preloaded drawable resource #0x10801da (android:drawable/btn_star_on_normal_holo_dark) that varies with configuration!!
03-27 20:12:14.070 W/Resources(  168): Preloaded drawable resource #0x10801d6 (android:drawable/btn_star_on_disabled_holo_dark) that varies with configuration!!
03-27 20:12:14.070 W/Resources(  168): Preloaded drawable resource #0x10801cc (android:drawable/btn_star_off_disabled_holo_dark) that varies with configuration!!
03-27 20:12:14.070 W/Resources(  168): Preloaded drawable resource #0x10801dc (android:drawable/btn_star_on_pressed_holo_dark) that varies with configuration!!
03-27 20:12:14.070 D/dalvikvm(  168): GC_EXPLICIT freed 56K, 8% free 2624K/2832K, paused 0ms+0ms, total 3ms
03-27 20:12:14.070 W/Resources(  168): Preloaded drawable resource #0x10801d2 (android:drawable/btn_star_off_pressed_holo_dark) that varies with configuration!!
03-27 20:12:14.070 W/Resources(  168): Preloaded drawable resource #0x10801d8 (android:drawable/btn_star_on_focused_holo_dark) that varies with configuration!!
03-27 20:12:14.070 W/Resources(  168): Preloaded drawable resource #0x10801ce (android:drawable/btn_star_off_focused_holo_dark) that varies with configuration!!
03-27 20:12:14.070 W/Resources(  168): Preloaded drawable resource #0x10801d4 (android:drawable/btn_star_on_disabled_focused_holo_dark) that varies with configuration!!
03-27 20:12:14.070 W/Resources(  168): Preloaded drawable resource #0x10801ca (android:drawable/btn_star_off_disabled_focused_holo_dark) that varies with configuration!!
03-27 20:12:14.070 D/dalvikvm(  168): GC_EXPLICIT freed 53K, 8% free 2624K/2832K, paused 0ms+0ms, total 2ms
03-27 20:12:14.070 W/Resources(  168): Preloaded drawable resource #0x10801d0 (android:drawable/btn_star_off_normal_holo_dark) that varies with configuration!!
03-27 20:12:14.070 W/Resources(  168): Preloaded drawable resource #0x10801da (android:drawable/btn_star_on_normal_holo_dark) that varies with configuration!!
03-27 20:12:14.070 W/Resources(  168): Preloaded drawable resource #0x10801d6 (android:drawable/btn_star_on_disabled_holo_dark) that varies with configuration!!
03-27 20:12:14.070 W/Resources(  168): Preloaded drawable resource #0x10801cc (android:drawable/btn_star_off_disabled_holo_dark) that varies with configuration!!
03-27 20:12:14.070 W/Resources(  168): Preloaded drawable resource #0x10801dc (android:drawable/btn_star_on_pressed_holo_dark) that varies with configuration!!
03-27 20:12:14.070 W/Resources(  168): Preloaded drawable resource #0x10801d2 (android:drawable/btn_star_off_pressed_holo_dark) that varies with configuration!!
03-27 20:12:14.070 W/Resources(  168): Preloaded drawable resource #0x10801d8 (android:drawable/btn_star_on_focused_holo_dark) that varies with configuration!!
03-27 20:12:14.070 W/Resources(  168): Preloaded drawable resource #0x10801ce (android:drawable/btn_star_off_focused_holo_dark) that varies with configuration!!
03-27 20:12:14.070 W/Resources(  168): Preloaded drawable resource #0x10801d4 (android:drawable/btn_star_on_disabled_focused_holo_dark) that varies with configuration!!
03-27 20:12:14.070 W/Resources(  168): Preloaded drawable resource #0x10801d6 (android:drawable/btn_star_on_disabled_holo_dark) that varies with configuration!!
03-27 20:12:14.070 W/Resources(  168): Preloaded drawable resource #0x10801ca (android:drawable/btn_star_off_disabled_focused_holo_dark) that varies with configuration!!
03-27 20:12:14.070 W/Resources(  168): Preloaded drawable resource #0x10801cc (android:drawable/btn_star_off_disabled_holo_dark) that varies with configuration!!
03-27 20:12:14.070 W/Resources(  168): Preloaded drawable resource #0x10801d0 (android:drawable/btn_star_off_normal_holo_dark) that varies with configuration!!
03-27 20:12:14.070 W/Resources(  168): Preloaded drawable resource #0x10801da (android:drawable/btn_star_on_normal_holo_dark) that varies with configuration!!
03-27 20:12:14.090 W/Resources(  168): Preloaded drawable resource #0x10801c7 (android:drawable/btn_star_holo_dark) that varies with configuration!!
03-27 20:12:14.090 D/dalvikvm(  168): GC_EXPLICIT freed 149K, 8% free 2628K/2832K, paused 0ms+0ms, total 2ms
03-27 20:12:14.090 W/Resources(  168): Preloaded drawable resource #0x10801f7 (android:drawable/btn_toggle_on_pressed_holo_light) that varies with configuration!!
03-27 20:12:14.090 W/Resources(  168): Preloaded drawable resource #0x10801f6 (android:drawable/btn_toggle_on_pressed_holo_dark) that varies with configuration!!
03-27 20:12:14.090 W/Resources(  168): Preloaded drawable resource #0x10801f5 (android:drawable/btn_toggle_on_normal_holo_light) that varies with configuration!!
03-27 20:12:14.090 W/Resources(  168): Preloaded drawable resource #0x10801f4 (android:drawable/btn_toggle_on_normal_holo_dark) that varies with configuration!!
03-27 20:12:14.090 W/Resources(  168): Preloaded drawable resource #0x10801f3 (android:drawable/btn_toggle_on_focused_holo_light) that varies with configuration!!
03-27 20:12:14.090 W/Resources(  168): Preloaded drawable resource #0x10801f2 (android:drawable/btn_toggle_on_focused_holo_dark) that varies with configuration!!
03-27 20:12:14.090 D/dalvikvm(  168): GC_EXPLICIT freed 12K, 6% free 2671K/2832K, paused 0ms+0ms, total 2ms
03-27 20:12:14.090 W/Resources(  168): Preloaded drawable resource #0x10801f1 (android:drawable/btn_toggle_on_disabled_holo_light) that varies with configuration!!
03-27 20:12:14.090 W/Resources(  168): Preloaded drawable resource #0x10801f0 (android:drawable/btn_toggle_on_disabled_holo_dark) that varies with configuration!!
03-27 20:12:14.090 W/Resources(  168): Preloaded drawable resource #0x10801ef (android:drawable/btn_toggle_on_disabled_focused_holo_light) that varies with configuration!!
