03-27 20:12:18.620 W/PackageManager(  283): Not granting permission android.permission.FACTORY_TEST to package com.tencent.wstt.gt (protectionLevel=2 flags=0x2083e44)
03-27 20:12:18.620 W/PackageManager(  283): Not granting permission android.permission.ACCESS_SURFACE_FLINGER to package com.tencent.wstt.gt (protectionLevel=2 flags=0x2083e44)
03-27 20:12:18.650 I/SystemServer(  283): Notification Manager
03-27 20:12:18.670 I/InputReader(  283): Device added: id=-1, name='Virtual', sources=0x00000301
03-27 20:12:18.670 I/InputReader(  283):   Touch device 'VirtualBox USB Tablet' could not query the properties of its associated display.  The device will be inoperable until the display size becomes available.
03-27 20:12:18.670 I/InputReader(  283): Device added: id=8, name='VirtualBox USB Tablet', sources=0x00001002
03-27 20:12:18.670 I/InputReader(  283): Device added: id=7, name='AT Translated Set 2 keyboard', sources=0x00000101
03-27 20:12:18.670 I/InputReader(  283): Device added: id=6, name='Power Button', sources=0x00000101
03-27 20:12:18.670 I/InputReader(  283): Device added: id=5, name='Sleep Button', sources=0x00000101
03-27 20:12:18.670 I/InputReader(  283): Device added: id=4, name='gpio-keys', sources=0x80000101
03-27 20:12:18.670 I/InputReader(  283):   Touch device 'Android Input' could not query the properties of its associated display.  The device will be inoperable until the display size becomes available.
03-27 20:12:18.670 I/InputReader(  283): Device added: id=3, name='Android Input', sources=0x00001303
03-27 20:12:18.670 D/dalvikvm(  283): GC_CONCURRENT freed 320K, 8% free 4851K/5252K, paused 2ms+0ms, total 8ms
03-27 20:12:18.670 I/SystemServer(  283): Device Storage Monitor
03-27 20:12:18.670 I/SystemServer(  283): Location Manager
03-27 20:12:18.670 I/SystemServer(  283): Country Detector
03-27 20:12:18.670 I/SystemServer(  283): Search Service
03-27 20:12:18.670 I/SystemServer(  283): DropBox Service
03-27 20:12:18.680 I/InputReader(  283): Device added: id=2, name='mouse', sources=0x00002002
03-27 20:12:18.680 I/InputReader(  283):   Touch device 'seamless mouse' could not query the properties of its associated display.  The device will be inoperable until the display size becomes available.
03-27 20:12:18.680 I/InputReader(  283): Device added: id=1, name='seamless mouse', sources=0x00001002
03-27 20:12:18.680 I/InputReader(  283): Reconfiguring input devices.  changes=0x00000004
03-27 20:12:18.680 I/InputReader(  283): Device reconfigured: id=1, name='seamless mouse', size 1280x720, orientation 0, mode 1, display id 0
03-27 20:12:18.680 I/InputReader(  283): Device reconfigured: id=3, name='Android Input', size 1280x720, orientation 0, mode 1, display id 0
03-27 20:12:18.680 I/InputReader(  283): Device reconfigured: id=8, name='VirtualBox USB Tablet', size 1280x720, orientation 0, mode 1, display id 0
03-27 20:12:18.680 I/SystemServer(  283): Wallpaper Service
03-27 20:12:18.680 I/ActivityManager(  283): Config changes=78 {1.0 460mcc7mnc zh_CN ldltr sw480dp w853dp h454dp 240dpi lrg long land ?uimode ?night finger qwerty/v/v dpad/v s.4}
03-27 20:12:18.690 I/SystemServer(  283): Audio Service
03-27 20:12:18.710 I/SystemServer(  283): Dock Observer
03-27 20:12:18.710 W/DockObserver(  283): This kernel does not have dock station support
03-27 20:12:18.710 I/SystemServer(  283): Wired Accessory Manager
03-27 20:12:18.710 W/WiredAccessoryManager(  283): This kernel does not have wired headset support
03-27 20:12:18.710 W/WiredAccessoryManager(  283): This kernel does not have usb audio support
03-27 20:12:18.710 W/WiredAccessoryManager(  283): This kernel does not have HDMI audio support
03-27 20:12:18.710 I/SystemServer(  283): USB Service
03-27 20:12:18.710 I/SystemServer(  283): Serial Service
03-27 20:12:18.710 I/SystemServer(  283): Twilight Service
03-27 20:12:18.710 I/SystemServer(  283): UI Mode Manager Service
03-27 20:12:18.710 I/SystemServer(  283): Backup Service
03-27 20:12:18.720 V/BackupManagerService(  283): Initializing package tracking
03-27 20:12:18.720 V/BackupManagerService(  283): No ancestral data
03-27 20:12:18.720 V/BackupManagerService(  283): addPackageParticipantsLocked: all
03-27 20:12:18.720 I/BackupManagerService(  283): Scheduling backup for new app android
03-27 20:12:18.720 D/BackupManagerService(  283): Now staging backup of android
03-27 20:12:18.720 I/BackupManagerService(  283): Scheduling backup for new app com.android.browser
03-27 20:12:18.720 D/BackupManagerService(  283): Now staging backup of com.android.browser
03-27 20:12:18.730 D/dalvikvm(  283): GC_CONCURRENT freed 233K, 6% free 5023K/5336K, paused 0ms+1ms, total 9ms
03-27 20:12:18.730 I/BackupManagerService(  283): Scheduling backup for new app com.android.providers.userdictionary
03-27 20:12:18.730 D/BackupManagerService(  283): Now staging backup of com.android.providers.userdictionary
03-27 20:12:18.730 I/BackupManagerService(  283): Scheduling backup for new app com.android.sharedstoragebackup
03-27 20:12:18.730 D/BackupManagerService(  283): Now staging backup of com.android.sharedstoragebackup
03-27 20:12:18.730 I/BackupManagerService(  283): Scheduling backup for new app com.android.providers.settings
03-27 20:12:18.730 D/BackupManagerService(  283): Now staging backup of com.android.providers.settings
03-27 20:12:18.730 V/BackupManagerService(  283): Starting with transport android/com.android.internal.backup.LocalTransport
03-27 20:12:18.730 V/BackupManagerService(  283): Found transports: 1
03-27 20:12:18.730 I/BackupManagerService(  283): Binding to transport host ComponentInfo{android/com.android.internal.backup.LocalTransportService}
03-27 20:12:18.730 I/BackupManagerService(  283): Found stale backup journal, scheduling
03-27 20:12:18.740 I/WindowManager(  283): SAFE MODE not enabled
03-27 20:12:18.740 I/BackupManagerService(  283):   android
03-27 20:12:18.740 I/BackupManagerService(  283):   com.android.browser
03-27 20:12:18.740 I/BackupManagerService(  283):   com.android.providers.userdictionary
03-27 20:12:18.740 I/BackupManagerService(  283):   com.android.sharedstoragebackup
03-27 20:12:18.740 I/BackupManagerService(  283):   com.android.providers.settings
03-27 20:12:18.740 I/BackupManagerService(  283): Backup enabled => false
03-27 20:12:18.740 I/BackupManagerService(  283): Opting out of backup
03-27 20:12:18.740 I/SystemServer(  283): AppWidget Service
03-27 20:12:18.740 I/SystemServer(  283): Recognition Service
03-27 20:12:18.740 I/SystemServer(  283): DiskStats Service
03-27 20:12:18.740 I/SystemServer(  283): SamplingProfiler Service
03-27 20:12:18.740 I/SystemServer(  283): NetworkTimeUpdateService
03-27 20:12:18.740 I/SystemServer(  283): CommonTimeManagementService
03-27 20:12:18.740 I/SystemServer(  283): CertBlacklister
03-27 20:12:18.740 I/SystemServer(  283): Dreams Service
03-27 20:12:18.740 I/SystemServer(  283): Assets Atlas Service
03-27 20:12:18.740 I/SystemServer(  283): IdleMaintenanceService
03-27 20:12:18.740 I/SystemServer(  283): Print Service
03-27 20:12:18.740 I/SystemServer(  283): Media Router Service
03-27 20:12:18.800 D/Atlas   (  283): Loaded configuration: SliceMinArea (768x768) flags=0x2 count=25
03-27 20:12:18.840 W/WindowManager(  283): updateFocusedWindowLocked, focusedAppToken is null.
03-27 20:12:18.840 W/DevicePolicyManagerService(  283): Active password quality 0x50000 does not match actual quality 0x0
03-27 20:12:18.840 W/DevicePolicyManagerService(  283): Active password quality 0x50000 does not match actual quality 0x0
03-27 20:12:18.840 I/Zygote  (  283): Process: zygote socket opened
03-27 20:12:18.860 V/KeyguardServiceDelegate(  283): *** Keyguard started
03-27 20:12:18.860 V/KeyguardServiceDelegate(  283): onSystemReady() called before keyguard service was ready
03-27 20:12:18.860 I/dalvikvm(  342): ignoring registerObject request in thread=1
03-27 20:12:18.860 I/dalvikvm(  283): ignoring registerObject request in thread=1
03-27 20:12:18.860 I/dalvikvm(  342): ignoring registerObject request in thread=1
03-27 20:12:18.860 I/dalvikvm(  283): ignoring registerObject request in thread=1
03-27 20:12:18.860 W/libsuspend(  283): Error writing 'on' to /sys/power/state: Invalid argument
03-27 20:12:18.860 E/libsuspend(  283): Error opening /sys/power/autosleep: No such file or directory
03-27 20:12:18.860 E/libsuspend(  283): Error opening /sys/power/wakeup_count: Permission denied
03-27 20:12:18.860 E/libsuspend(  283): failed to initialize autosuspend
03-27 20:12:18.860 I/ActivityManager(  283): Start proc com.android.systemui for service com.android.keyguard/.KeyguardService: pid=342 uid=10006 gids={50006, 1028, 1015, 1023, 1035, 3002, 3001}
03-27 20:12:18.870 D/        (  283): HostConnection::get() New Host Connection established 0xb8b2a640, tid 341
03-27 20:12:18.880 I/AppOps  (  283): Pruning old package root/0: new uid=-1
03-27 20:12:18.880 I/AppOps  (  283): Pruning old package media/1013: new uid=-1
03-27 20:12:18.880 I/ActivityManager(  283): System now ready
03-27 20:12:18.880 I/SystemServer(  283): Making services ready
03-27 20:12:18.880 D/NetworkManagementService(  283): enabling bandwidth control
03-27 20:12:18.880 W/MountService(  283): Duplicate state transition (mounted -> mounted) for /storage/emulated/0
03-27 20:12:18.900 D/libEGL  (  283): loaded /system/lib/egl/libEGL_adreno.so
03-27 20:12:18.910 D/libEGL  (  283): loaded /system/lib/egl/libGLESv1_CM_adreno.so
03-27 20:12:18.910 D/libEGL  (  283): loaded /system/lib/egl/libGLESv2_adreno.so
03-27 20:12:18.940 I/iptables(  163): iptables: No chain/target/match by that name.
03-27 20:12:18.940 I/iptables(  163): iptables terminated by exit(1)
03-27 20:12:18.940 E/BandwidthController(  163): runIptablesCmd(): res=1 status=256 failed /system/bin/iptables -A bw_INPUT -m owner --socket-exists
03-27 20:12:18.940 I/ip6tables(  163): ip6tables: No chain/target/match by that name.
03-27 20:12:18.940 I/ip6tables(  163): ip6tables terminated by exit(1)
03-27 20:12:18.940 E/BandwidthController(  163): runIptablesCmd(): res=1 status=256 failed /system/bin/ip6tables -A bw_INPUT -m owner --socket-exists
03-27 20:12:18.940 F/NetworkManagementService(  283): problem enabling bandwidth controls
03-27 20:12:18.940 F/NetworkManagementService(  283): com.android.server.NativeDaemonConnector$NativeDaemonFailureException: command '1 bandwidth enable' failed with '400 1 Bandwidth command failed'
03-27 20:12:18.940 F/NetworkManagementService(  283): 	at com.android.server.NativeDaemonConnector.execute(NativeDaemonConnector.java:392)
03-27 20:12:18.940 F/NetworkManagementService(  283): 	at com.android.server.NativeDaemonConnector.executeForList(NativeDaemonConnector.java:328)
03-27 20:12:18.940 F/NetworkManagementService(  283): 	at com.android.server.NativeDaemonConnector.execute(NativeDaemonConnector.java:293)
03-27 20:12:18.940 F/NetworkManagementService(  283): 	at com.android.server.NetworkManagementService.prepareNativeDaemon(NetworkManagementService.java:348)
03-27 20:12:18.940 F/NetworkManagementService(  283): 	at com.android.server.NetworkManagementService.systemReady(NetworkManagementService.java:224)
03-27 20:12:18.940 F/NetworkManagementService(  283): 	at com.android.server.ServerThread$2.run(SystemServer.java:962)
03-27 20:12:18.940 F/NetworkManagementService(  283): 	at com.android.server.am.ActivityManagerService.systemReady(ActivityManagerService.java:9393)
03-27 20:12:18.940 F/NetworkManagementService(  283): 	at com.android.server.ServerThread.initAndLoop(SystemServer.java:939)
03-27 20:12:18.940 F/NetworkManagementService(  283): 	at com.android.server.SystemServer.main(SystemServer.java:1209)
03-27 20:12:18.940 F/NetworkManagementService(  283): 	at java.lang.reflect.Method.invokeNative(Native Method)
03-27 20:12:18.940 F/NetworkManagementService(  283): 	at java.lang.reflect.Method.invoke(Method.java:515)
03-27 20:12:18.940 F/NetworkManagementService(  283): 	at com.android.internal.os.ZygoteInit$MethodAndArgsCaller.run(ZygoteInit.java:779)
03-27 20:12:18.940 F/NetworkManagementService(  283): 	at com.android.internal.os.ZygoteInit.main(ZygoteInit.java:595)
03-27 20:12:18.940 F/NetworkManagementService(  283): 	at dalvik.system.NativeStart.main(Native Method)
03-27 20:12:18.960 E/EGL_emulation(  283): egl: destroying current context refused
03-27 20:12:18.960 W/libEGL  (  283): eglTerminate() called w/ 1 objects remaining
03-27 20:12:18.960 D/Atlas   (  283): Rendered atlas in 59.24ms (0.56+58.68ms)
03-27 20:12:18.960 D/        (  167): HostConnection::get() New Host Connection established 0xb78ed4e0, tid 247
03-27 20:12:19.000 D/dalvikvm(  283): GC_CONCURRENT freed 280K, 7% free 5187K/5548K, paused 1ms+1ms, total 7ms
03-27 20:12:19.010 I/iptables(  163): iptables: No chain/target/match by that name.
03-27 20:12:19.010 I/iptables(  163): iptables terminated by exit(1)
03-27 20:12:19.010 E/Netd    (  163): exec() res=0, status=256 for /system/bin/iptables -F fw_INPUT 
03-27 20:12:19.020 I/ip6tables(  163): ip6tables: No chain/target/match by that name.
03-27 20:12:19.020 I/ip6tables(  163): ip6tables terminated by exit(1)
03-27 20:12:19.020 E/Netd    (  163): exec() res=0, status=256 for /system/bin/ip6tables -F fw_INPUT 
03-27 20:12:19.020 I/iptables(  163): iptables: No chain/target/match by that name.
03-27 20:12:19.030 I/iptables(  163): iptables terminated by exit(1)
03-27 20:12:19.030 E/Netd    (  163): exec() res=0, status=256 for /system/bin/iptables -F fw_OUTPUT 
03-27 20:12:19.030 V/KeyguardService(  342): onCreate()
03-27 20:12:19.040 I/ip6tables(  163): ip6tables: No chain/target/match by that name.
03-27 20:12:19.040 I/ip6tables(  163): ip6tables terminated by exit(1)
03-27 20:12:19.040 E/Netd    (  163): exec() res=0, status=256 for /system/bin/ip6tables -F fw_OUTPUT 
03-27 20:12:19.040 I/iptables(  163): iptables: No chain/target/match by that name.
03-27 20:12:19.040 I/iptables(  163): iptables terminated by exit(1)
03-27 20:12:19.040 E/Netd    (  163): exec() res=0, status=256 for /system/bin/iptables -F fw_FORWARD 
03-27 20:12:19.040 I/ip6tables(  163): ip6tables: No chain/target/match by that name.
03-27 20:12:19.040 I/ip6tables(  163): ip6tables terminated by exit(1)
03-27 20:12:19.040 E/Netd    (  163): exec() res=0, status=256 for /system/bin/ip6tables -F fw_FORWARD 
03-27 20:12:19.040 F/SystemServer(  283): BOOT FAILURE making Network Managment Service ready
03-27 20:12:19.040 F/SystemServer(  283): java.lang.IllegalStateException: command '2 firewall disable' failed with '400 2 Firewall command failed'
03-27 20:12:19.040 F/SystemServer(  283): 	at com.android.server.NetworkManagementService.setFirewallEnabled(NetworkManagementService.java:1617)
03-27 20:12:19.040 F/SystemServer(  283): 	at com.android.server.NetworkManagementService.prepareNativeDaemon(NetworkManagementService.java:401)
03-27 20:12:19.040 F/SystemServer(  283): 	at com.android.server.NetworkManagementService.systemReady(NetworkManagementService.java:224)
03-27 20:12:19.040 F/SystemServer(  283): 	at com.android.server.ServerThread$2.run(SystemServer.java:962)
03-27 20:12:19.040 F/SystemServer(  283): 	at com.android.server.am.ActivityManagerService.systemReady(ActivityManagerService.java:9393)
03-27 20:12:19.040 F/SystemServer(  283): 	at com.android.server.ServerThread.initAndLoop(SystemServer.java:939)
03-27 20:12:19.040 F/SystemServer(  283): 	at com.android.server.SystemServer.main(SystemServer.java:1209)
03-27 20:12:19.040 F/SystemServer(  283): 	at java.lang.reflect.Method.invokeNative(Native Method)
03-27 20:12:19.040 F/SystemServer(  283): 	at java.lang.reflect.Method.invoke(Method.java:515)
03-27 20:12:19.040 F/SystemServer(  283): 	at com.android.internal.os.ZygoteInit$MethodAndArgsCaller.run(ZygoteInit.java:779)
03-27 20:12:19.040 F/SystemServer(  283): 	at com.android.internal.os.ZygoteInit.main(ZygoteInit.java:595)
03-27 20:12:19.040 F/SystemServer(  283): 	at dalvik.system.NativeStart.main(Native Method)
03-27 20:12:19.040 F/SystemServer(  283): Caused by: com.android.server.NativeDaemonConnector$NativeDaemonFailureException: command '2 firewall disable' failed with '400 2 Firewall command failed'
03-27 20:12:19.040 F/SystemServer(  283): 	at com.android.server.NativeDaemonConnector.execute(NativeDaemonConnector.java:392)
03-27 20:12:19.040 F/SystemServer(  283): 	at com.android.server.NativeDaemonConnector.executeForList(NativeDaemonConnector.java:328)
03-27 20:12:19.040 F/SystemServer(  283): 	at com.android.server.NativeDaemonConnector.execute(NativeDaemonConnector.java:293)
03-27 20:12:19.040 F/SystemServer(  283): 	at com.android.server.NetworkManagementService.setFirewallEnabled(NetworkManagementService.java:1614)
03-27 20:12:19.040 F/SystemServer(  283): 	... 11 more
03-27 20:12:19.040 W/SystemServer(  283): ***********************************************
03-27 20:12:19.060 D/SystemUIService(  342): loading: class com.android.systemui.recent.Recents
03-27 20:12:19.060 D/SystemUIService(  342): running: com.android.systemui.recent.Recents@4a7dcf44
03-27 20:12:19.060 D/SystemUIService(  342): loading: class com.android.systemui.statusbar.SystemBars
03-27 20:12:19.060 D/SystemUIService(  342): running: com.android.systemui.statusbar.SystemBars@4a7dd214
03-27 20:12:19.060 D/SystemUIService(  342): loading: class com.android.systemui.usb.StorageNotification
03-27 20:12:19.060 D/SystemUIService(  342): running: com.android.systemui.usb.StorageNotification@4a7de1a4
03-27 20:12:19.060 D/SystemUIService(  342): loading: class com.android.systemui.power.PowerUI
03-27 20:12:19.060 D/SystemUIService(  342): running: com.android.systemui.power.PowerUI@4a7dec80
03-27 20:12:19.060 D/SystemUIService(  342): loading: class com.android.systemui.media.RingtonePlayer
03-27 20:12:19.060 D/SystemUIService(  342): running: com.android.systemui.media.RingtonePlayer@4a7df41c
03-27 20:12:19.060 D/SystemUIService(  342): loading: class com.android.systemui.settings.SettingsUI
03-27 20:12:19.060 D/SystemUIService(  342): running: com.android.systemui.settings.SettingsUI@4a7dfd50
03-27 20:12:19.060 I/iptables(  163): iptables: No chain/target/match by that name.
03-27 20:12:19.060 D/PhoneStatusBar(  342): mSettingsPanelGravity = 55
03-27 20:12:19.060 I/iptables(  163): iptables terminated by exit(1)
03-27 20:12:19.060 E/Netd    (  163): exec() res=0, status=256 for /system/bin/iptables -F fw_INPUT 
03-27 20:12:19.060 I/ip6tables(  163): ip6tables: No chain/target/match by that name.
03-27 20:12:19.060 W/NetworkStats(  283): bandwidth controls disabled, unable to track stats
03-27 20:12:19.060 W/NetworkPolicy(  283): bandwidth controls disabled, unable to enforce policy
03-27 20:12:19.060 I/StatusBarManagerService(  283): registerStatusBar bar=com.android.internal.statusbar.IStatusBar$Stub$Proxy@4a8f2fd0
03-27 20:12:19.070 I/ip6tables(  163): ip6tables terminated by exit(1)
03-27 20:12:19.070 E/Netd    (  163): exec() res=0, status=256 for /system/bin/ip6tables -F fw_INPUT 
03-27 20:12:19.080 I/iptables(  163): iptables: No chain/target/match by that name.
03-27 20:12:19.080 I/iptables(  163): iptables terminated by exit(1)
03-27 20:12:19.080 E/Netd    (  163): exec() res=0, status=256 for /system/bin/iptables -F fw_OUTPUT 
03-27 20:12:19.080 I/ip6tables(  163): ip6tables: No chain/target/match by that name.
03-27 20:12:19.080 E/WVMExtractor(  170): Failed to open libwvm.so
03-27 20:12:19.080 I/ip6tables(  163): ip6tables terminated by exit(1)
03-27 20:12:19.080 E/Netd    (  163): exec() res=0, status=256 for /system/bin/ip6tables -F fw_OUTPUT 
03-27 20:12:19.090 D/WifiController(  283): DEFERRED_TOGGLE handled
03-27 20:12:19.090 E/cutils-trace(  170): Error opening trace file: No such file or directory (2)
03-27 20:12:19.090 I/iptables(  163): iptables: No chain/target/match by that name.
03-27 20:12:19.090 I/iptables(  163): iptables terminated by exit(1)
03-27 20:12:19.090 E/Netd    (  163): exec() res=0, status=256 for /system/bin/iptables -F fw_FORWARD 
03-27 20:12:19.090 I/ip6tables(  163): ip6tables: No chain/target/match by that name.
03-27 20:12:19.100 I/ip6tables(  163): ip6tables terminated by exit(1)
03-27 20:12:19.100 E/Netd    (  163): exec() res=0, status=256 for /system/bin/ip6tables -F fw_FORWARD 
03-27 20:12:19.100 E/WifiStateMachine(  283): Failed to reload STA firmware java.lang.IllegalArgumentException: command '4 softap fwreload eth1 STA' failed with '501 4 SoftAP command has failed'
03-27 20:12:19.100 F/SystemServer(  283): BOOT FAILURE making Connectivity Service ready
03-27 20:12:19.100 F/SystemServer(  283): java.lang.IllegalStateException: command '3 firewall disable' failed with '400 3 Firewall command failed'
03-27 20:12:19.100 F/SystemServer(  283): 	at com.android.server.NetworkManagementService.setFirewallEnabled(NetworkManagementService.java:1617)
03-27 20:12:19.100 F/SystemServer(  283): 	at com.android.server.ConnectivityService.setLockdownTracker(ConnectivityService.java:3908)
03-27 20:12:19.100 F/SystemServer(  283): 	at com.android.server.ConnectivityService.updateLockdownVpn(ConnectivityService.java:3883)
03-27 20:12:19.100 F/SystemServer(  283): 	at com.android.server.ConnectivityService.systemReady(ConnectivityService.java:2235)
03-27 20:12:19.100 F/SystemServer(  283): 	at com.android.server.ServerThread$2.run(SystemServer.java:977)
03-27 20:12:19.100 F/SystemServer(  283): 	at com.android.server.am.ActivityManagerService.systemReady(ActivityManagerService.java:9393)
03-27 20:12:19.100 F/SystemServer(  283): 	at com.android.server.ServerThread.initAndLoop(SystemServer.java:939)
03-27 20:12:19.100 F/SystemServer(  283): 	at com.android.server.SystemServer.main(SystemServer.java:1209)
03-27 20:12:19.100 F/SystemServer(  283): 	at java.lang.reflect.Method.invokeNative(Native Method)
03-27 20:12:19.100 F/SystemServer(  283): 	at java.lang.reflect.Method.invoke(Method.java:515)
03-27 20:12:19.100 F/SystemServer(  283): 	at com.android.internal.os.ZygoteInit$MethodAndArgsCaller.run(ZygoteInit.java:779)
03-27 20:12:19.100 F/SystemServer(  283): 	at com.android.internal.os.ZygoteInit.main(ZygoteInit.java:595)
03-27 20:12:19.100 F/SystemServer(  283): 	at dalvik.system.NativeStart.main(Native Method)
03-27 20:12:19.100 F/SystemServer(  283): Caused by: com.android.server.NativeDaemonConnector$NativeDaemonFailureException: command '3 firewall disable' failed with '400 3 Firewall command failed'
03-27 20:12:19.100 F/SystemServer(  283): 	at com.android.server.NativeDaemonConnector.execute(NativeDaemonConnector.java:392)
03-27 20:12:19.100 F/SystemServer(  283): 	at com.android.server.NativeDaemonConnector.executeForList(NativeDaemonConnector.java:328)
03-27 20:12:19.100 F/SystemServer(  283): 	at com.android.server.NativeDaemonConnector.execute(NativeDaemonConnector.java:293)
03-27 20:12:19.100 F/SystemServer(  283): 	at com.android.server.NetworkManagementService.setFirewallEnabled(NetworkManagementService.java:1614)
03-27 20:12:19.100 F/SystemServer(  283): 	... 12 more
03-27 20:12:19.100 D/CommandListener(  163): Setting iface cfg
03-27 20:12:19.100 D/CommandListener(  163): Trying to bring down eth1
03-27 20:12:19.100 E/Netd    (  163): Failed to open /proc/sys/net/ipv6/conf/eth1/use_tempaddr: No such file or directory
03-27 20:12:19.100 E/WifiStateMachine(  283): Unable to change interface settings: java.lang.IllegalStateException: command '7 interface ipv6privacyextensions eth1 enable' failed with '400 7 Failed to set ipv6 privacy extensions (No such file or directory)'
03-27 20:12:19.100 W/SystemServer(  283): ***********************************************
03-27 20:12:19.100 I/ActivityManager(  283): Config changes=200 {1.0 460mcc7mnc zh_CN ldltr sw480dp w853dp h454dp 240dpi lrg long land finger qwerty/v/v dpad/v s.5}
03-27 20:12:19.100 W/RecognitionManagerService(  283): no available voice recognition services found for user 0
03-27 20:12:19.100 W/ContextImpl(  283): Calling a method in the system process without a qualified user: android.app.ContextImpl.sendBroadcast:1123 com.android.server.usb.UsbSettingsManager.deviceAttached:621 com.android.server.usb.UsbHostManager.usbDeviceAdded:156 com.android.server.usb.UsbHostManager.monitorUsbHostBus:-2 com.android.server.usb.UsbHostManager.access$000:38 
03-27 20:12:19.120 D/WifiMonitor(  283): startMonitoring(eth1) with mConnected = false
03-27 20:12:19.140 I/dalvikvm(  394): ignoring registerObject request in thread=1
03-27 20:12:19.140 I/dalvikvm(  394): ignoring registerObject request in thread=1
03-27 20:12:19.140 I/ActivityManager(  283): Start proc com.android.settings for broadcast com.android.settings/.widget.SettingsAppWidgetProvider: pid=394 uid=1000 gids={41000, 1028, 1015, 1023, 3002, 3001, 3003, 1007}
03-27 20:12:19.190 D/dalvikvm(  342): JIT code cache reset in 0 ms (0 bytes 1/0)
03-27 20:12:19.190 D/dalvikvm(  342): GC_CONCURRENT freed 136K, 7% free 3086K/3296K, paused 2ms+0ms, total 4ms
03-27 20:12:19.200 D/dalvikvm(  342): GC_FOR_ALLOC freed 11K, 7% free 3143K/3352K, paused 2ms, total 2ms
03-27 20:12:19.200 I/dalvikvm-heap(  342): Grow heap (frag case) to 3.741MB for 635808-byte allocation
03-27 20:12:19.200 D/dalvikvm(  342): GC_CONCURRENT freed 1K, 6% free 3762K/3976K, paused 1ms+0ms, total 3ms
03-27 20:12:19.260 W/InputMethodManagerService(  283): Ignoring setImeWindowStatus of uid 1000 token: null
03-27 20:12:19.270 D/BluetoothManagerService(  283): Message: 20
03-27 20:12:19.270 D/BluetoothManagerService(  283): Added callback: android.bluetooth.IBluetoothManagerCallback$Stub$Proxy@4a86016c:true
03-27 20:12:19.270 D/BluetoothAdapter(  394): 1249737512: getState() :  mService = null. Returning STATE_OFF
03-27 20:12:19.270 D/BluetoothManagerService(  283): Message: 30
03-27 20:12:19.270 E/BluetoothInputDevice(  394): Could not bind to Bluetooth HID Service with Intent { act=android.bluetooth.IBluetoothInputDevice }
03-27 20:12:19.270 D/BluetoothManagerService(  283): Message: 30
03-27 20:12:19.270 E/BluetoothPan(  394): Could not bind to Bluetooth Pan Service with Intent { act=android.bluetooth.IBluetoothPan }
03-27 20:12:19.270 D/LocalBluetoothProfileManager(  394): Adding local MAP profile
03-27 20:12:19.270 D/BluetoothMap(  394): Create BluetoothMap proxy object
03-27 20:12:19.270 D/BluetoothManagerService(  283): Message: 30
03-27 20:12:19.270 E/BluetoothMap(  394): Could not bind to Bluetooth MAP Service with Intent { act=android.bluetooth.IBluetoothMap }
03-27 20:12:19.270 I/ActivityManager(  283): Start proc com.example.android.softkeyboard for service com.example.android.softkeyboard/.SoftKeyboard: pid=412 uid=10025 gids={50025}
03-27 20:12:19.270 V/InputMethodManagerService(  283): Adding window token: android.os.Binder@4a920b84
03-27 20:12:19.280 D/BluetoothManagerService(  283): Message: 30
03-27 20:12:19.280 E/BluetoothPbap(  394): Could not bind to Bluetooth Pbap Service with Intent { act=android.bluetooth.IBluetoothPbap }
03-27 20:12:19.280 D/LocalBluetoothProfileManager(  394): LocalBluetoothProfileManager construction complete
03-27 20:12:19.280 D/BluetoothAdapter(  394): 1249737512: getState() :  mService = null. Returning STATE_OFF
03-27 20:12:19.280 D/BluetoothAdapter(  394): 1249737512: getState() :  mService = null. Returning STATE_OFF
03-27 20:12:19.280 I/dalvikvm(  412): ignoring registerObject request in thread=1
03-27 20:12:19.280 I/dalvikvm(  412): ignoring registerObject request in thread=1
03-27 20:12:19.420 I/wpa_supplicant(  393): Successfully initialized wpa_supplicant
03-27 20:12:19.430 D/BluetoothManagerService(  283): Message: 20
03-27 20:12:19.430 D/BluetoothManagerService(  283): Added callback: android.bluetooth.IBluetoothManagerCallback$Stub$Proxy@4a928804:true
03-27 20:12:19.430 D/BluetoothAdapter(  342): 1249836104: getState() :  mService = null. Returning STATE_OFF
03-27 20:12:19.430 D/BluetoothAdapter(  342): 1249836104: getState() :  mService = null. Returning STATE_OFF
03-27 20:12:19.440 W/ServiceWatcher(  283): com.google.android.gms not found
03-27 20:12:19.440 W/ServiceWatcher(  283): com.google.android.gms not found
03-27 20:12:19.440 W/ServiceWatcher(  283): com.google.android.gms not found
03-27 20:12:19.440 W/ServiceWatcher(  283): com.google.android.gms not found
03-27 20:12:19.440 E/FlpHardwareProvider(  283): Error hw_get_module 'flp': -2
03-27 20:12:19.440 W/ServiceWatcher(  283): com.google.android.gms not found
03-27 20:12:19.440 E/FlpHardwareProvider(  283): Error hw_get_module 'flp': -2
03-27 20:12:19.440 W/LocationManagerService(  283): no network location provider found
03-27 20:12:19.440 E/LocationManagerService(  283): no geocoder provider found
03-27 20:12:19.440 E/LocationManagerService(  283): No FusedProvider found.
03-27 20:12:19.450 W/ServiceWatcher(  283): com.google.android.gms not found
03-27 20:12:19.450 E/GpsLocationProvider(  283): no AGPS interface in set_agps_server
03-27 20:12:19.450 D/BluetoothAdapter(  394): 1249737512: getState() :  mService = null. Returning STATE_OFF
03-27 20:12:19.450 D/dalvikvm(  283): GC_CONCURRENT freed 397K, 9% free 5285K/5760K, paused 2ms+1ms, total 10ms
03-27 20:12:19.450 I/CommonTimeManagementService(  283): No common time service detected on this platform.  Common time services will be unavailable.
03-27 20:12:19.450 I/InputReader(  283): Reconfiguring input devices.  changes=0x00000030
03-27 20:12:19.450 E/LocationManagerService(  283): no geofence provider found
03-27 20:12:19.470 D/BluetoothAdapter(  342): 1249836104: getState() :  mService = null. Returning STATE_OFF
03-27 20:12:19.470 I/ActivityManager(  283): Start proc com.android.phone for added application com.android.phone: pid=430 uid=1001 gids={41001, 3002, 3001, 3003, 1028, 1015, 1023}
03-27 20:12:19.470 I/ActivityManager(  283): START u0 {act=android.intent.action.MAIN cat=[android.intent.category.HOME] flg=0x10000000 cmp=com.vphone.launcher/.Launcher} from pid 0
03-27 20:12:19.480 D/dalvikvm(  342): GC_CONCURRENT freed 210K, 7% free 4006K/4288K, paused 4ms+2ms, total 8ms
03-27 20:12:19.480 I/ActivityManager(  283): Start proc com.vphone.launcher for activity com.vphone.launcher/.Launcher: pid=441 uid=1000 gids={41000, 1028, 1015, 1023, 3002, 3001, 3003, 1007}
03-27 20:12:19.480 W/ActivityManager(  283): Unable to start service Intent { cmp=com.android.printspooler/.PrintSpoolerService } U=0: not found
03-27 20:12:19.490 I/Choreographer(  283): Skipped 39 frames!  The application may be doing too much work on its main thread.
03-27 20:12:19.490 V/KeyguardServiceDelegate(  283): *** Keyguard connected (yay!)
03-27 20:12:19.490 I/dalvikvm(  430): ignoring registerObject request in thread=1
03-27 20:12:19.490 I/dalvikvm(  430): ignoring registerObject request in thread=1
03-27 20:12:19.490 I/dalvikvm(  441): ignoring registerObject request in thread=1
03-27 20:12:19.490 I/dalvikvm(  441): ignoring registerObject request in thread=1
03-27 20:12:19.490 W/InputMethodManagerService(  283): Focus gain on non-focused client android.view.inputmethod.InputMethodManager$1@4a8e219c (uid=1000 pid=283)
03-27 20:12:19.500 D/BluetoothManagerService(  283): Message: 300
03-27 20:12:19.500 D/BluetoothManagerService(  283): MESSAGE_USER_SWITCHED
03-27 20:12:19.500 W/DevicePolicyManagerService(  283): Active password quality 0x50000 does not match actual quality 0x0
03-27 20:12:19.510 D/WifiConfigStore(  283): Loading config and enabling all networks
03-27 20:12:19.520 D/PhoneStatusBar(  342): disable: < expand icons alerts ticker system_info back home recent clock search >
03-27 20:12:19.530 I/ActivityManager(  283): Start proc android.process.acore for content provider com.android.providers.contacts/.ContactsProvider2: pid=456 uid=10002 gids={50002, 3003, 1028, 1015, 1023}
03-27 20:12:19.540 I/dalvikvm(  456): ignoring registerObject request in thread=1
03-27 20:12:19.540 I/dalvikvm(  456): ignoring registerObject request in thread=1
03-27 20:12:19.580 D/BluetoothAdapter(  342): 1249836104: getState() :  mService = null. Returning STATE_OFF
03-27 20:12:19.580 D/BluetoothAdapter(  342): 1249836104: getState() :  mService = null. Returning STATE_OFF
03-27 20:12:19.580 D/PhoneStatusBar(  342): heads up is disabled
03-27 20:12:19.580 D/PhoneStatusBar(  342): mSettingsPanelGravity = 55
03-27 20:12:19.620 D/dalvikvm(  456): JIT code cache reset in 0 ms (0 bytes 1/0)
03-27 20:12:19.620 D/dalvikvm(  456): GC_CONCURRENT freed 170K, 8% free 3049K/3292K, paused 2ms+0ms, total 4ms
03-27 20:12:19.820 V/BackupManagerService(  283): Connected to transport ComponentInfo{android/com.android.internal.backup.LocalTransportService}
03-27 20:12:19.820 V/BackupManagerService(  283): Registering transport android/com.android.internal.backup.LocalTransportService::android/com.android.internal.backup.LocalTransport = com.android.internal.backup.LocalTransport@4a8e314c
03-27 20:12:19.840 I/dalvikvm(  469): ignoring registerObject request in thread=1
03-27 20:12:19.840 I/dalvikvm(  469): ignoring registerObject request in thread=1
03-27 20:12:19.840 I/ActivityManager(  283): Start proc com.lemon.lemonban for broadcast com.lemon.lemonban/com.igexin.sdk.PushReceiver: pid=469 uid=10028 gids={50028, 3003, 1028, 1015, 1023, 3002, 3001}
03-27 20:12:19.870 D/libEGL  (  342): loaded /system/lib/egl/libEGL_adreno.so
03-27 20:12:19.870 D/        (  342): HostConnection::get() New Host Connection established 0xb8ad0e50, tid 342
03-27 20:12:19.870 D/libEGL  (  342): loaded /system/lib/egl/libGLESv1_CM_adreno.so
03-27 20:12:19.870 D/libEGL  (  342): loaded /system/lib/egl/libGLESv2_adreno.so
03-27 20:12:19.880 W/EGL_emulation(  342): eglSurfaceAttrib not implemented 3093 12436
03-27 20:12:19.890 D/OpenGLRenderer(  342): Enabling debug mode 0
03-27 20:12:19.890 V/KeyguardServiceDelegate(  283): **** SHOWN CALLED ****
03-27 20:12:19.900 D/dalvikvm(  342): GC_CONCURRENT freed 144K, 5% free 4261K/4476K, paused 0ms+0ms, total 5ms
03-27 20:12:20.030 D/dalvikvm(  342): GC_FOR_ALLOC freed 38K, 5% free 4262K/4476K, paused 3ms, total 3ms
03-27 20:12:20.040 I/dalvikvm-heap(  342): Grow heap (frag case) to 10.477MB for 6553612-byte allocation
03-27 20:12:20.040 D/dalvikvm(  342): GC_CONCURRENT freed 1K, 3% free 10660K/10880K, paused 1ms+1ms, total 4ms
03-27 20:12:20.130 D/dalvikvm(  283): GC_CONCURRENT freed 355K, 8% free 5427K/5860K, paused 0ms+1ms, total 8ms
03-27 20:12:20.130 D/BluetoothManagerService(  283): Message: 20
03-27 20:12:20.130 D/BluetoothManagerService(  283): Added callback: android.bluetooth.IBluetoothManagerCallback$Stub$Proxy@4a91ebc4:true
03-27 20:12:20.320 D/dalvikvm(  430): GC_CONCURRENT freed 129K, 7% free 3090K/3292K, paused 3ms+2ms, total 15ms
03-27 20:12:20.340 D/BluetoothManagerService(  283): Message: 30
03-27 20:12:20.340 E/BluetoothHeadset(  430): Could not bind to Bluetooth Headset Service with Intent { act=android.bluetooth.IBluetoothHeadset }
03-27 20:12:20.340 D/CallNotifier(  430): CallNotifier: mSignalInfoToneGenerator created when toneplay
03-27 20:12:20.350 D/BluetoothManagerService(  283): Message: 30
03-27 20:12:20.350 E/BluetoothHeadset(  430): Could not bind to Bluetooth Headset Service with Intent { act=android.bluetooth.IBluetoothHeadset }
03-27 20:12:20.560 I/wpa_supplicant(  393): eth1: Trying to associate with 01:80:c2:00:00:03 (SSID='WiredSSID' freq=2412 MHz)
03-27 20:12:20.570 I/dalvikvm(  441): Could not find method android.view.ViewAnimationUtils.createCircularReveal, referenced from method com.vphone.launcher.Launcher.a
03-27 20:12:20.570 W/dalvikvm(  441): VFY: unable to resolve static method 16870: Landroid/view/ViewAnimationUtils;.createCircularReveal (Landroid/view/View;IIFF)Landroid/animation/Animator;
03-27 20:12:20.570 D/dalvikvm(  441): VFY: replacing opcode 0x71 at 0x0269
03-27 20:12:20.580 I/wpa_supplicant(  393): eth1: No network configuration found for the current AP
03-27 20:12:20.580 I/wpa_supplicant(  393): eth1: CTRL-EVENT-DISCONNECTED bssid=01:80:c2:00:00:03 reason=3 locally_generated=1
03-27 20:12:20.580 I/wpa_supplicant(  393): eth1: Associate with key management = 0 - comparing with WPA_NONE 16
03-27 20:12:20.580 I/wpa_supplicant(  393): eth1: Auth timeout 'coz 802.11, assoc_failed=0 ssid->mode=0
03-27 20:12:20.580 I/wpa_supplicant(  393): eth1: Setting authentication timeout: 10 sec 0 usec
03-27 20:12:20.580 E/WifiStateMachine(  283): Failed to set frequency band 0
03-27 20:12:20.620 I/ContactLocale(  456): AddressBook Labels [zh_CN]: [, A, B, C, D, E, F, G, H, I, J, K, L, M, N, O, P, Q, R, S, T, U, V, W, X, Y, Z, , , , , , , , , , , , , , , , , , , , , , , , , , , , , , , , , , , , , , , , , , , , , , , , , , , , , , , , , , , , , , , , , , , , , , , , , , , , , , , , , , , , , , , , , , , , , , , , , , , , , , , , , , , , , , , , , , , , , , , , , , , , , , , , , , , , , , , , , , , , , , , , , , , , , , , , , , , , #, ]
03-27 20:12:20.630 D/Launcher.LauncherProvider(  441): 11683562 - initializeMaxScreenId(): 1
03-27 20:12:20.750 D/TelephonyDebugService(  430): TelephonyDebugService()
03-27 20:12:20.750 D/MobileDataStateTracker(  283): default: Broadcast received: android.intent.action.ANY_DATA_STATE apnType=default
03-27 20:12:20.750 D/MobileDataStateTracker(  283): default: Received state=DISCONNECTED, old=DISCONNECTED, reason=radioTurnedOff
03-27 20:12:20.750 D/MobileDataStateTracker(  283): default: Broadcast received: android.intent.action.ANY_DATA_STATE apnType=default
03-27 20:12:20.750 D/MobileDataStateTracker(  283): default: Received state=DISCONNECTED, old=DISCONNECTED, reason=radioTurnedOff
03-27 20:12:20.750 D/MobileDataStateTracker(  283): default: Broadcast received: android.intent.action.ANY_DATA_STATE apnType=default
03-27 20:12:20.750 D/MobileDataStateTracker(  283): default: Received state=DISCONNECTED, old=DISCONNECTED, reason=dataDetached
03-27 20:12:20.760 D/BluetoothManagerService(  283): Message: 30
03-27 20:12:20.760 E/BluetoothHeadset(  430): Could not bind to Bluetooth Headset Service with Intent { act=android.bluetooth.IBluetoothHeadset }
03-27 20:12:20.760 E/BluetoothPhoneService(  430): Could not get a handle on Connection object for the call
03-27 20:12:20.760 W/CallNotifier(  430): Got onMwiChanged() on non-voice-capable device! Ignoring...
03-27 20:12:20.760 I/PhoneApp(  430): Headset phone created, binding local service.
03-27 20:12:20.800 V/Launcher(  441): LauncherAppState inited
03-27 20:12:20.870 D/dalvikvm(  441): GC_CONCURRENT freed 215K, 9% free 3055K/3352K, paused 1ms+2ms, total 5ms
03-27 20:12:20.920 D/dalvikvm(  441): GC_FOR_ALLOC freed 4K, 8% free 3360K/3628K, paused 1ms, total 1ms
03-27 20:12:20.920 D/Launcher.Model(  441): Old launcher provider: content://com.android.launcher2.settings/favorites?notify=true
03-27 20:12:20.920 D/Launcher.Model(  441): Old launcher provider does not exist.
03-27 20:12:20.920 I/PackageManager(  283):   Action: "android.intent.action.MAIN"
03-27 20:12:20.920 I/PackageManager(  283):   Category: "android.intent.category.HOME"
03-27 20:12:20.920 I/PackageManager(  283):   Category: "android.intent.category.DEFAULT"
03-27 20:12:20.920 I/PackageManager(  283): Adding preferred activity ComponentInfo{com.vphone.launcher/com.vphone.launcher.Launcher} for user 0 :
03-27 20:12:21.040 W/ImageLoader(  441): diskCache() and diskCacheFileNameGenerator() calls overlap each other
03-27 20:12:21.060 W/ContextImpl(  441): Calling a method in the system process without a qualified user: android.app.ContextImpl.startService:1492 android.content.ContextWrapper.startService:494 com.vphone.launcher.LauncherApplication.onCreate:113 android.app.Instrumentation.callApplicationOnCreate:1024 android.app.ActivityThread.handleBindApplication:4346 
03-27 20:12:21.150 I/dalvikvm(  469): Could not find method android.view.ViewGroup.<init>, referenced from method com.scwang.smartrefresh.layout.SmartRefreshLayout.<init>
03-27 20:12:21.150 W/dalvikvm(  469): VFY: unable to resolve direct method 21745: Landroid/view/ViewGroup;.<init> (Landroid/content/Context;Landroid/util/AttributeSet;II)V
03-27 20:12:21.150 D/dalvikvm(  469): VFY: replacing opcode 0x70 at 0x0007
03-27 20:12:21.260 D/dalvikvm(  430): GC_CONCURRENT freed 272K, 10% free 3222K/3564K, paused 2ms+0ms, total 6ms
03-27 20:12:21.340 D/dalvikvm(  441): GC_CONCURRENT freed 268K, 9% free 3539K/3876K, paused 1ms+1ms, total 3ms
03-27 20:12:21.380 W/ActivityThread(  441): ClassLoader.loadClass: The class loader returned by Thread.getContextClassLoader() may fail for processes that host multiple applications. You should explicitly specify a context class loader. For example: Thread.setContextClassLoader(getClass().getClassLoader());
03-27 20:12:21.410 W/Launcher(  441): setApplicationContext called twice! old=com.vphone.launcher.LauncherApplication@4a7d585c new=com.vphone.launcher.LauncherApplication@4a7d585c
03-27 20:12:21.410 D/su      (  531): su invoked.
03-27 20:12:21.410 D/su      (  531): starting daemon client 1000 1000
03-27 20:12:21.410 D/su      (  533): remote pid: 531
03-27 20:12:21.410 D/su      (  533): remote pts_slave: 
03-27 20:12:21.410 D/su      (  533): waiting for child exit
03-27 20:12:21.410 D/su      (  535): su invoked.
03-27 20:12:21.410 D/su      (  535): 1000 /system/xbin/su executing 0 /system/bin/sh using binary /system/bin/sh : sh
03-27 20:12:21.420 D/su      (  533): sending code
03-27 20:12:21.420 D/su      (  533): child exited
03-27 20:12:21.420 D/su      (  531): client exited 255
03-27 20:12:21.420 D/dalvikvm(  441): GC_CONCURRENT freed 257K, 9% free 3705K/4040K, paused 2ms+0ms, total 5ms
03-27 20:12:21.470 I/dalvikvm(  545): ignoring registerObject request in thread=1
03-27 20:12:21.470 I/dalvikvm(  545): ignoring registerObject request in thread=1
03-27 20:12:21.470 I/ActivityManager(  283): Start proc com.lemon.lemonban:pushservice for service com.lemon.lemonban/.service.LemonPushService: pid=545 uid=10028 gids={50028, 3003, 1028, 1015, 1023, 3002, 3001}
03-27 20:12:21.470 I/dalvikvm(  545): Could not find method android.view.ViewGroup.<init>, referenced from method com.scwang.smartrefresh.layout.SmartRefreshLayout.<init>
03-27 20:12:21.470 W/dalvikvm(  545): VFY: unable to resolve direct method 21745: Landroid/view/ViewGroup;.<init> (Landroid/content/Context;Landroid/util/AttributeSet;II)V
03-27 20:12:21.470 D/dalvikvm(  545): VFY: replacing opcode 0x70 at 0x0007
03-27 20:12:21.490 I/dalvikvm(  441): Could not find method android.view.ViewAnimationUtils.createCircularReveal, referenced from method com.vphone.launcher.LauncherAnimUtils.createCircularReveal
03-27 20:12:21.490 W/dalvikvm(  441): VFY: unable to resolve static method 16870: Landroid/view/ViewAnimationUtils;.createCircularReveal (Landroid/view/View;IIFF)Landroid/animation/Animator;
03-27 20:12:21.490 D/dalvikvm(  441): VFY: replacing opcode 0x71 at 0x0000
03-27 20:12:21.490 W/ResourceType(  441): Attempt to retrieve bag 0x7f0e00a4 which is invalid or in a cycle.
03-27 20:12:21.500 D/BluetoothAdapter(  394): 1249737512: getState() :  mService = null. Returning STATE_OFF
03-27 20:12:21.530 I/Process (  545): Sending signal. PID: 545 SIG: 9
03-27 20:12:21.530 D/dalvikvm(  441): GC_CONCURRENT freed 245K, 8% free 3953K/4280K, paused 1ms+18ms, total 27ms
03-27 20:12:21.530 I/ActivityManager(  283): Process com.lemon.lemonban:pushservice (pid 545) has died.
03-27 20:12:21.540 W/Searchables(  283): No global search activity found
03-27 20:12:21.560 D/Launcher.Model(  441): 11683562 - loadWorkspace()
03-27 20:12:21.560 D/Launcher.Model(  441): 11683562 -   loadedOldDb: false
03-27 20:12:21.560 W/ContextImpl(  441): Calling a method in the system process without a qualified user: android.app.ContextImpl.startService:1492 android.content.ContextWrapper.startService:494 com.vphone.launcher.Launcher.g:677 com.vphone.launcher.Launcher.a:176 com.vphone.launcher.Launcher$11.run:633 
03-27 20:12:21.620 D/AndroidRuntime(  536): 
03-27 20:12:21.620 D/AndroidRuntime(  536): >>>>>> AndroidRuntime START com.android.internal.os.RuntimeInit <<<<<<
03-27 20:12:21.690 I/wpa_supplicant(  393): eth1: Trying to associate with 01:80:c2:00:00:03 (SSID='WiredSSID' freq=2412 MHz)
03-27 20:12:21.690 I/wpa_supplicant(  393): eth1: Associated with 01:80:c2:00:00:03
03-27 20:12:21.690 I/wpa_supplicant(  393): eth1: Cancelling authentication timeout
03-27 20:12:21.690 I/wpa_supplicant(  393): eth1: CTRL-EVENT-CONNECTED - Connection to 01:80:c2:00:00:03 completed (auth) [id=0 id_str=]
03-27 20:12:21.690 I/wpa_supplicant(  393): eth1: Associate with key management = 4 - comparing with WPA_NONE 16
03-27 20:12:21.690 I/wpa_supplicant(  393): eth1: Auth timeout 'coz 802.11, assoc_failed=0 ssid->mode=0
03-27 20:12:21.690 I/wpa_supplicant(  393): eth1: Setting authentication timeout: 10 sec 0 usec
03-27 20:12:21.690 E/WifiStateMachine(  283): Unexpected BatchedScanResults :null
03-27 20:12:21.750 D/AndroidRuntime(  536): CheckJNI is OFF
03-27 20:12:21.750 D/dalvikvm(  536): Using executionMode 2
03-27 20:12:21.750 D/dalvikvm(  536): Trying to load lib libjavacore.so 0x0
03-27 20:12:21.750 D/dalvikvm(  536): Added shared lib libjavacore.so 0x0
03-27 20:12:21.750 D/dalvikvm(  536): Trying to load lib libnativehelper.so 0x0
03-27 20:12:21.750 D/dalvikvm(  536): Added shared lib libnativehelper.so 0x0
03-27 20:12:21.750 D/dalvikvm(  536): No JNI_OnLoad found in libnativehelper.so 0x0, skipping init
03-27 20:12:21.940 D/dalvikvm(  536): Note: class Landroid/app/ActivityManagerNative; has 179 unimplemented (abstract) methods
03-27 20:12:22.000 E/memtrack(  536): Couldn't load memtrack module (No such file or directory)
03-27 20:12:22.000 E/android.os.Debug(  536): failed to load memtrack module: -2
03-27 20:12:22.060 D/libEGL  (  441): loaded /system/lib/egl/libEGL_adreno.so
03-27 20:12:22.080 D/        (  441): HostConnection::get() New Host Connection established 0xb8b4f1a0, tid 441
03-27 20:12:22.080 D/libEGL  (  441): loaded /system/lib/egl/libGLESv1_CM_adreno.so
03-27 20:12:22.080 D/libEGL  (  441): loaded /system/lib/egl/libGLESv2_adreno.so
03-27 20:12:22.110 D/dalvikvm(  441): GC_CONCURRENT freed 246K, 8% free 4137K/4456K, paused 0ms+0ms, total 4ms
03-27 20:12:22.150 D/AndroidRuntime(  536): Calling main entry com.android.commands.am.Am
03-27 20:12:22.160 D/AndroidRuntime(  536): Shutting down VM
03-27 20:12:22.160 E/cutils-trace(  536): Error opening trace file: No such file or directory (2)
03-27 20:12:22.160 D/dalvikvm(  536): GC_CONCURRENT freed 96K, 15% free 588K/688K, paused 0ms+0ms, total 0ms
03-27 20:12:22.160 W/EGL_emulation(  441): eglSurfaceAttrib not implemented 3093 12436
03-27 20:12:22.170 D/OpenGLRenderer(  441): Enabling debug mode 0
03-27 20:12:22.170 I/Choreographer(  441): Skipped 34 frames!  The application may be doing too much work on its main thread.
03-27 20:12:22.230 D/Launcher.Model(  441): Invalid package: ComponentInfo{com.vphone.launcher.ad.icon/com.vphone.launcher.icon} (check again later)
03-27 20:12:22.330 W/ContextImpl(  283): Calling a method in the system process without a qualified user: android.app.ContextImpl.sendBroadcast:1123 com.android.server.InputMethodManagerService.hideCurrentInputLocked:1880 com.android.server.InputMethodManagerService.windowGainedFocus:1968 com.android.internal.view.IInputMethodManager$Stub.onTransact:221 com.android.server.InputMethodManagerService.onTransact:818 
03-27 20:12:22.340 I/ActivityManager(  283): Displayed com.vphone.launcher/.Launcher: +2s864ms
03-27 20:12:22.360 D/AndroidRuntime(  581): 
03-27 20:12:22.360 D/AndroidRuntime(  581): >>>>>> AndroidRuntime START com.android.internal.os.RuntimeInit <<<<<<
03-27 20:12:22.360 D/dalvikvm(  441): GC_CONCURRENT freed 263K, 10% free 4275K/4708K, paused 2ms+0ms, total 9ms
03-27 20:12:22.370 D/dalvikvm(  441): WAIT_FOR_CONCURRENT_GC blocked 10ms
03-27 20:12:22.490 D/WifiStateMachine(  283): VerifyingLinkState enter
03-27 20:12:22.530 D/AndroidRuntime(  581): CheckJNI is OFF
03-27 20:12:22.530 D/dalvikvm(  581): Using executionMode 2
03-27 20:12:22.680 I/SurfaceFlinger(  167): Boot is finished (16659 ms)
03-27 20:12:22.680 D/WifiStateMachine(  283): VerifyingLinkState GOOD_LINK_DETECTED: transition to captive portal check
03-27 20:12:22.680 D/WifiStateMachine(  283): CaptivePortalCheckState enter
03-27 20:12:22.680 D/WifiStateMachine(  283): CaptivePortalCheckState CMD_CAPTIVE_CHECK_COMPLETE
03-27 20:12:22.680 D/BluetoothManagerService(  283): Retrieving Bluetooth Adapter name and address...
03-27 20:12:22.680 D/BluetoothManagerService(  283): getNameAndAddress(): mBluetooth = null mBinding = false
03-27 20:12:22.680 D/BluetoothManagerService(  283): Message: 200
03-27 20:12:22.680 D/BluetoothManagerService(  283): MESSAGE_GET_NAME_AND_ADDRESS
03-27 20:12:22.680 D/BluetoothManagerService(  283): Binding to service to get name and address
03-27 20:12:22.680 E/BluetoothManagerService(  283): Fail to bind to: Intent { act=android.bluetooth.IBluetooth }
03-27 20:12:22.680 D/dalvikvm(  581): Trying to load lib libjavacore.so 0x0
03-27 20:12:22.680 D/dalvikvm(  581): Added shared lib libjavacore.so 0x0
03-27 20:12:22.680 D/ConnectivityService(  283): Captive portal check NetworkInfo: type: WIFI[], state: CONNECTING/CAPTIVE_PORTAL_CHECK, reason: (unspecified), extra: "AndroidAP", roaming: false, failover: false, isAvailable: true, isConnectedToProvisioningNetwork: false
03-27 20:12:22.680 D/ConnectivityService(  283): handleCaptivePortalTrackerCheck: call captivePortalCheckComplete ni=NetworkInfo: type: WIFI[], state: CONNECTING/CAPTIVE_PORTAL_CHECK, reason: (unspecified), extra: "AndroidAP", roaming: false, failover: false, isAvailable: true, isConnectedToProvisioningNetwork: false
