03-27 20:12:22.690 D/dalvikvm(  581): Trying to load lib libnativehelper.so 0x0
03-27 20:12:22.690 D/dalvikvm(  581): Added shared lib libnativehelper.so 0x0
03-27 20:12:22.690 D/dalvikvm(  581): No JNI_OnLoad found in libnativehelper.so 0x0, skipping init
03-27 20:12:22.690 E/BluetoothHeadset(  283): Could not bind to Bluetooth Headset Service with Intent { act=android.bluetooth.IBluetoothHeadset }
03-27 20:12:22.690 D/BluetoothManagerService(  283): Message: 20
03-27 20:12:22.690 D/BluetoothManagerService(  283): Added callback: android.bluetooth.BluetoothAdapter$1@4a94f2cc:true
03-27 20:12:22.690 D/BluetoothManagerService(  283): Message: 30
03-27 20:12:22.690 E/BluetoothA2dp(  283): Could not bind to Bluetooth A2DP Service with Intent { act=android.bluetooth.IBluetoothA2dp }
03-27 20:12:22.690 D/BluetoothManagerService(  283): Message: 30
03-27 20:12:22.690 D/ConnectivityService(  283): ConnectivityChange for WIFI: CONNECTED/CONNECTED
03-27 20:12:22.690 E/ConnectivityService(  283): Unexpected mtu value: android.net.wifi.WifiStateTracker@4a8b5918
03-27 20:12:22.690 D/ConnectivityService(  283): sending Proxy Broadcast for [192.168.1.104] 7777 xl=
03-27 20:12:22.690 V/WiredAccessoryManager(  283): init()
03-27 20:12:22.690 D/Nat464Xlat(  283): requiresClat: netType=1, hasIPv4Address=true
03-27 20:12:22.700 D/dalvikvm(  283): GC_CONCURRENT freed 405K, 9% free 5546K/6032K, paused 0ms+1ms, total 6ms
03-27 20:12:22.700 I/RecoverySystem(  283): No recovery log file
03-27 20:12:22.710 D/dalvikvm(  168): GC_EXPLICIT freed 37K, 4% free 2843K/2952K, paused 0ms+0ms, total 3ms
03-27 20:12:22.710 D/dalvikvm(  168): GC_EXPLICIT freed <1K, 4% free 2843K/2952K, paused 0ms+1ms, total 3ms
03-27 20:12:22.710 D/dalvikvm(  168): GC_EXPLICIT freed <1K, 4% free 2843K/2952K, paused 0ms+0ms, total 3ms
03-27 20:12:22.710 I/dalvikvm(  624): ignoring registerObject request in thread=1
03-27 20:12:22.710 I/dalvikvm(  624): ignoring registerObject request in thread=1
03-27 20:12:22.710 I/ActivityManager(  283): Start proc com.android.providers.calendar for broadcast com.android.providers.calendar/.CalendarReceiver: pid=624 uid=10001 gids={50001, 3003, 1028, 1015, 1023}
03-27 20:12:22.730 D/dalvikvm(  441): GC_CONCURRENT freed 311K, 9% free 4423K/4848K, paused 1ms+1ms, total 3ms
03-27 20:12:22.760 D/dalvikvm(  581): Note: class Landroid/app/ActivityManagerNative; has 179 unimplemented (abstract) methods
03-27 20:12:22.800 E/memtrack(  581): Couldn't load memtrack module (No such file or directory)
03-27 20:12:22.800 E/android.os.Debug(  581): failed to load memtrack module: -2
03-27 20:12:22.820 D/AndroidRuntime(  581): Calling main entry com.android.commands.pm.Pm
03-27 20:12:22.820 D/AndroidRuntime(  581): Shutting down VM
03-27 20:12:22.830 E/cutils-trace(  581): Error opening trace file: No such file or directory (2)
03-27 20:12:22.830 D/dalvikvm(  581): GC_CONCURRENT freed 151K, 22% free 567K/720K, paused 0ms+0ms, total 1ms
03-27 20:12:22.900 I/PowerManagerService(  283): Boot animation finished.
03-27 20:12:22.910 D/SizeAdaptiveLayout(  342): com.android.internal.widget.SizeAdaptiveLayout{4abb6008 V.E..... ......I. 0,0-0,0 #7f07004f app:id/adaptive}child view android.widget.FrameLayout{4abb9568 G.E..... ......ID 0,0-0,0 #10202d6 android:id/status_bar_latest_event_content} measured out of bounds at 95px clamped to 96px
03-27 20:12:22.930 D/Launcher.Model(  441): 11683562 - loadWorkspaceScreensDb()
03-27 20:12:22.930 D/Launcher.Model(  441): 11683562 -   screens: { 0: 1 }
03-27 20:12:22.930 D/Launcher.Model(  441): 11683562 -   sBgWorkspaceScreens: 1
03-27 20:12:22.930 I/BootReceiver(  283): Copying audit failures to DropBox
03-27 20:12:22.930 I/BootReceiver(  283): Checking for fsck errors
03-27 20:12:22.940 I/CalendarProvider2(  624): Created com.android.providers.calendar.CalendarAlarmManager@4a7e0fa4(com.android.providers.calendar.CalendarProvider2@4a7dce8c)
03-27 20:12:22.940 I/ActivityManager(  283): Start proc android.process.media for content provider com.android.providers.downloads/.DownloadProvider: pid=650 uid=10004 gids={50004, 1028, 1015, 1023, 1024, 2001, 3003, 3007}
03-27 20:12:22.950 I/dalvikvm(  650): ignoring registerObject request in thread=1
03-27 20:12:22.950 I/dalvikvm(  650): ignoring registerObject request in thread=1
03-27 20:12:23.270 V/WebViewChromium(  441): Binding Chromium to the background looper Looper (main, tid 1) {4a7d1bd8}
03-27 20:12:23.270 E/TelephonyProvider(  430): Failed setting numeric '460071' to the current operator
03-27 20:12:23.330 I/chromium(  441): [INFO:library_loader_hooks.cc(112)] Chromium logging enabled: level = 0, default verbosity = 0
03-27 20:12:23.350 I/BrowserProcessMain(  441): Initializing chromium process, renderers=0
03-27 20:12:23.480 D/AndroidRuntime(  683): 
03-27 20:12:23.480 D/AndroidRuntime(  683): >>>>>> AndroidRuntime START com.android.internal.os.RuntimeInit <<<<<<
03-27 20:12:23.610 D/AndroidRuntime(  683): CheckJNI is OFF
03-27 20:12:23.610 D/dalvikvm(  683): Using executionMode 2
03-27 20:12:23.610 D/dalvikvm(  683): Trying to load lib libjavacore.so 0x0
03-27 20:12:23.610 D/dalvikvm(  683): Added shared lib libjavacore.so 0x0
03-27 20:12:23.610 D/dalvikvm(  683): Trying to load lib libnativehelper.so 0x0
03-27 20:12:23.610 D/dalvikvm(  683): Added shared lib libnativehelper.so 0x0
03-27 20:12:23.610 D/dalvikvm(  683): No JNI_OnLoad found in libnativehelper.so 0x0, skipping init
03-27 20:12:23.620 D/dalvikvm(  683): Note: class Landroid/app/ActivityManagerNative; has 179 unimplemented (abstract) methods
03-27 20:12:23.650 E/memtrack(  683): Couldn't load memtrack module (No such file or directory)
03-27 20:12:23.650 E/android.os.Debug(  683): failed to load memtrack module: -2
03-27 20:12:23.660 D/AndroidRuntime(  683): Calling main entry com.android.commands.pm.Pm
03-27 20:12:23.670 D/AndroidRuntime(  683): Shutting down VM
03-27 20:12:23.670 E/cutils-trace(  683): Error opening trace file: No such file or directory (2)
03-27 20:12:23.670 D/dalvikvm(  683): GC_CONCURRENT freed 155K, 22% free 566K/724K, paused 0ms+1ms, total 1ms
03-27 20:12:23.710 I/dalvikvm(  699): ignoring registerObject request in thread=1
03-27 20:12:23.710 I/dalvikvm(  699): ignoring registerObject request in thread=1
03-27 20:12:23.710 I/ActivityManager(  283): Start proc com.android.onetimeinitializer for broadcast com.android.onetimeinitializer/.OneTimeInitializerReceiver: pid=699 uid=10007 gids={50007}
03-27 20:12:23.890 D/Sensors (  283): Client connection accepted (174)
03-27 20:12:24.040 D/AndroidRuntime(  711): 
03-27 20:12:24.040 D/AndroidRuntime(  711): >>>>>> AndroidRuntime START com.android.internal.os.RuntimeInit <<<<<<
03-27 20:12:24.150 V/OneTimeInitializerRece(  699): OneTimeInitializerReceiver.onReceive
03-27 20:12:24.150 D/AndroidRuntime(  711): CheckJNI is OFF
03-27 20:12:24.150 D/dalvikvm(  711): Using executionMode 2
03-27 20:12:24.150 D/dalvikvm(  711): Trying to load lib libjavacore.so 0x0
03-27 20:12:24.150 D/dalvikvm(  711): Added shared lib libjavacore.so 0x0
03-27 20:12:24.150 D/dalvikvm(  711): Trying to load lib libnativehelper.so 0x0
03-27 20:12:24.150 D/dalvikvm(  711): Added shared lib libnativehelper.so 0x0
03-27 20:12:24.150 D/dalvikvm(  711): No JNI_OnLoad found in libnativehelper.so 0x0, skipping init
03-27 20:12:24.160 D/dalvikvm(  711): Note: class Landroid/app/ActivityManagerNative; has 179 unimplemented (abstract) methods
03-27 20:12:24.170 I/dalvikvm(  715): ignoring registerObject request in thread=1
03-27 20:12:24.170 I/dalvikvm(  715): ignoring registerObject request in thread=1
03-27 20:12:24.170 I/ActivityManager(  283): Start proc com.bignox.app.store.hd for broadcast com.bignox.app.store.hd/.providers.downloads.DownloadReceiver: pid=715 uid=1000 gids={41000, 1028, 1015, 1023, 3002, 3001, 3003, 1007}
03-27 20:12:24.190 E/memtrack(  711): Couldn't load memtrack module (No such file or directory)
03-27 20:12:24.190 E/android.os.Debug(  711): failed to load memtrack module: -2
03-27 20:12:24.210 D/AndroidRuntime(  711): Calling main entry com.android.commands.pm.Pm
03-27 20:12:24.210 D/AndroidRuntime(  711): Shutting down VM
03-27 20:12:24.210 E/cutils-trace(  711): Error opening trace file: No such file or directory (2)
03-27 20:12:24.210 D/dalvikvm(  711): GC_CONCURRENT freed 155K, 22% free 566K/724K, paused 0ms+0ms, total 1ms
03-27 20:12:24.250 I/CalendarProvider2(  624): Sending notification intent: Intent { act=android.intent.action.PROVIDER_CHANGED dat=content://com.android.calendar }
03-27 20:12:24.250 W/ContentResolver(  624): Failed to get type for: content://com.android.calendar (Unknown URL content://com.android.calendar)
03-27 20:12:24.570 D/AndroidRuntime(  736): 
03-27 20:12:24.570 D/AndroidRuntime(  736): >>>>>> AndroidRuntime START com.android.internal.os.RuntimeInit <<<<<<
03-27 20:12:24.600 W/dalvikvm(  441): VFY: unable to find class referenced in signature (Ljava/nio/file/Path;)
03-27 20:12:24.600 W/dalvikvm(  441): VFY: unable to find class referenced in signature ([Ljava/nio/file/OpenOption;)
03-27 20:12:24.600 I/dalvikvm(  441): Could not find method java.nio.file.Files.newOutputStream, referenced from method okio.Okio.sink
03-27 20:12:24.600 W/dalvikvm(  441): VFY: unable to resolve static method 45304: Ljava/nio/file/Files;.newOutputStream (Ljava/nio/file/Path;[Ljava/nio/file/OpenOption;)Ljava/io/OutputStream;
03-27 20:12:24.600 D/dalvikvm(  441): VFY: replacing opcode 0x71 at 0x000a
03-27 20:12:24.600 W/dalvikvm(  441): VFY: unable to find class referenced in signature (Ljava/nio/file/Path;)
03-27 20:12:24.600 W/dalvikvm(  441): VFY: unable to find class referenced in signature ([Ljava/nio/file/OpenOption;)
03-27 20:12:24.600 I/dalvikvm(  441): Could not find method java.nio.file.Files.newInputStream, referenced from method okio.Okio.source
03-27 20:12:24.600 W/dalvikvm(  441): VFY: unable to resolve static method 45303: Ljava/nio/file/Files;.newInputStream (Ljava/nio/file/Path;[Ljava/nio/file/OpenOption;)Ljava/io/InputStream;
03-27 20:12:24.600 D/dalvikvm(  441): VFY: replacing opcode 0x71 at 0x000a
03-27 20:12:24.690 D/AndroidRuntime(  736): CheckJNI is OFF
03-27 20:12:24.690 D/dalvikvm(  736): Using executionMode 2
03-27 20:12:24.690 D/dalvikvm(  736): Trying to load lib libjavacore.so 0x0
03-27 20:12:24.690 D/dalvikvm(  736): Added shared lib libjavacore.so 0x0
03-27 20:12:24.710 D/dalvikvm(  736): Trying to load lib libnativehelper.so 0x0
03-27 20:12:24.710 D/dalvikvm(  736): Added shared lib libnativehelper.so 0x0
03-27 20:12:24.710 D/dalvikvm(  736): No JNI_OnLoad found in libnativehelper.so 0x0, skipping init
03-27 20:12:24.710 D/dalvikvm(  736): Note: class Landroid/app/ActivityManagerNative; has 179 unimplemented (abstract) methods
03-27 20:12:24.740 E/memtrack(  736): Couldn't load memtrack module (No such file or directory)
03-27 20:12:24.740 E/android.os.Debug(  736): failed to load memtrack module: -2
03-27 20:12:24.740 D/AndroidRuntime(  736): Calling main entry com.android.commands.pm.Pm
03-27 20:12:24.750 D/AndroidRuntime(  736): Shutting down VM
03-27 20:12:24.750 E/cutils-trace(  736): Error opening trace file: No such file or directory (2)
03-27 20:12:24.750 D/dalvikvm(  736): GC_CONCURRENT freed 155K, 22% free 566K/724K, paused 0ms+0ms, total 1ms
03-27 20:12:25.700 D/Tethering(  283): MasterInitialState.processMessage what=3
03-27 20:12:25.700 D/CaptivePortalTracker(  283): NoActiveNetworkState{ when=-1ms what=1 obj=NetworkInfo: type: WIFI[], state: CONNECTED/CONNECTED, reason: (unspecified), extra: "AndroidAP", roaming: false, failover: false, isAvailable: true, isConnectedToProvisioningNetwork: false target=com.android.internal.util.StateMachine$SmHandler }
03-27 20:12:26.110 D/        (  283): Setting time of day to sec=1553688749
03-27 20:12:31.252 D/NOX-AGPS(  760): 0|34901|31972(mnc=0, lac=34901, cid=31972) for lng=100.563583 & lat=27.001251 
03-27 20:12:31.252 E/NOX     (   71): recv() error
03-27 20:12:31.252 D/NOX     (   71): Socket read error
03-27 20:12:31.332 D/dalvikvm(  650): JIT code cache reset in 0 ms (0 bytes 1/0)
03-27 20:12:31.332 D/dalvikvm(  650): GC_CONCURRENT freed 233K, 10% free 3047K/3356K, paused 0ms+1ms, total 3ms
03-27 20:12:31.392 D/AndroidRuntime(  764): 
03-27 20:12:31.392 D/AndroidRuntime(  764): >>>>>> AndroidRuntime START com.android.internal.os.RuntimeInit <<<<<<
03-27 20:12:31.512 D/AndroidRuntime(  764): CheckJNI is OFF
03-27 20:12:31.512 D/dalvikvm(  764): Using executionMode 2
03-27 20:12:31.512 D/dalvikvm(  764): Trying to load lib libjavacore.so 0x0
03-27 20:12:31.512 D/dalvikvm(  764): Added shared lib libjavacore.so 0x0
03-27 20:12:31.512 D/dalvikvm(  764): Trying to load lib libnativehelper.so 0x0
03-27 20:12:31.512 D/dalvikvm(  764): Added shared lib libnativehelper.so 0x0
03-27 20:12:31.512 D/dalvikvm(  764): No JNI_OnLoad found in libnativehelper.so 0x0, skipping init
03-27 20:12:31.522 D/dalvikvm(  764): Note: class Landroid/app/ActivityManagerNative; has 179 unimplemented (abstract) methods
03-27 20:12:31.562 E/memtrack(  764): Couldn't load memtrack module (No such file or directory)
03-27 20:12:31.562 E/android.os.Debug(  764): failed to load memtrack module: -2
03-27 20:12:31.572 D/AndroidRuntime(  764): Calling main entry com.android.commands.pm.Pm
03-27 20:12:31.582 D/AndroidRuntime(  764): Shutting down VM
03-27 20:12:31.582 E/cutils-trace(  764): Error opening trace file: No such file or directory (2)
03-27 20:12:31.582 D/dalvikvm(  764): GC_CONCURRENT freed 155K, 22% free 566K/724K, paused 0ms+0ms, total 1ms
03-27 20:12:31.982 D/AndroidRuntime(  777): 
03-27 20:12:31.982 D/AndroidRuntime(  777): >>>>>> AndroidRuntime START com.android.internal.os.RuntimeInit <<<<<<
03-27 20:12:32.122 W/chromium(  441): [WARNING:proxy_service.cc(888)] PAC support disabled because there is no system implementation
03-27 20:12:32.142 D/AndroidRuntime(  777): CheckJNI is OFF
03-27 20:12:32.142 D/dalvikvm(  777): Using executionMode 2
03-27 20:12:32.142 D/dalvikvm(  777): Trying to load lib libjavacore.so 0x0
03-27 20:12:32.142 D/dalvikvm(  777): Added shared lib libjavacore.so 0x0
03-27 20:12:32.142 D/dalvikvm(  777): Trying to load lib libnativehelper.so 0x0
03-27 20:12:32.142 D/dalvikvm(  777): Added shared lib libnativehelper.so 0x0
03-27 20:12:32.142 D/dalvikvm(  777): No JNI_OnLoad found in libnativehelper.so 0x0, skipping init
03-27 20:12:32.152 D/dalvikvm(  777): Note: class Landroid/app/ActivityManagerNative; has 179 unimplemented (abstract) methods
03-27 20:12:32.182 E/memtrack(  777): Couldn't load memtrack module (No such file or directory)
03-27 20:12:32.182 E/android.os.Debug(  777): failed to load memtrack module: -2
03-27 20:12:32.192 D/AndroidRuntime(  777): Calling main entry com.android.commands.pm.Pm
03-27 20:12:32.202 D/AndroidRuntime(  777): Shutting down VM
03-27 20:12:32.202 E/cutils-trace(  777): Error opening trace file: No such file or directory (2)
03-27 20:12:32.202 D/dalvikvm(  777): GC_CONCURRENT freed 155K, 22% free 566K/724K, paused 0ms+0ms, total 1ms
03-27 20:12:32.332 D/dalvikvm(  441): GC_FOR_ALLOC freed 208K, 7% free 4563K/4896K, paused 3ms, total 4ms
03-27 20:12:32.332 I/dalvikvm-heap(  441): Grow heap (frag case) to 5.128MB for 635808-byte allocation
03-27 20:12:32.342 D/dalvikvm(  441): GC_CONCURRENT freed 10K, 7% free 5173K/5520K, paused 1ms+1ms, total 4ms
03-27 20:12:32.552 D/AndroidRuntime(  796): 
03-27 20:12:32.552 D/AndroidRuntime(  796): >>>>>> AndroidRuntime START com.android.internal.os.RuntimeInit <<<<<<
03-27 20:12:32.642 E/RemotePrintSpooler(  283): Error removing obsolete print jobs .
03-27 20:12:32.642 E/RemotePrintSpooler(  283): java.util.concurrent.TimeoutException: Cannot get spooler!
03-27 20:12:32.642 E/RemotePrintSpooler(  283): 	at com.android.server.print.RemotePrintSpooler.bindLocked(RemotePrintSpooler.java:376)
03-27 20:12:32.642 E/RemotePrintSpooler(  283): 	at com.android.server.print.RemotePrintSpooler.getRemoteInstanceLazy(RemotePrintSpooler.java:352)
03-27 20:12:32.642 E/RemotePrintSpooler(  283): 	at com.android.server.print.RemotePrintSpooler.removeObsoletePrintJobs(RemotePrintSpooler.java:287)
03-27 20:12:32.642 E/RemotePrintSpooler(  283): 	at com.android.server.print.UserState.removeObsoletePrintJobs(UserState.java:163)
03-27 20:12:32.642 E/RemotePrintSpooler(  283): 	at com.android.server.print.PrintManagerService$1.run(PrintManagerService.java:94)
03-27 20:12:32.642 E/RemotePrintSpooler(  283): 	at android.os.Handler.handleCallback(Handler.java:733)
03-27 20:12:32.642 E/RemotePrintSpooler(  283): 	at android.os.Handler.dispatchMessage(Handler.java:95)
03-27 20:12:32.642 E/RemotePrintSpooler(  283): 	at android.os.Looper.loop(Looper.java:136)
03-27 20:12:32.642 E/RemotePrintSpooler(  283): 	at android.os.HandlerThread.run(HandlerThread.java:61)
03-27 20:12:32.652 I/FusedLocation(  283): engine stopped (com.android.location.fused)
03-27 20:12:32.652 I/FusedLocation(  283): engine started (com.android.location.fused)
03-27 20:12:32.652 I/FusedLocation(  283): engine started (com.android.location.fused)
03-27 20:12:32.652 W/DebugConnManager(  283): getNetworkInfo() on networkType 1
03-27 20:12:32.652 E/GpsLocationProvider(  283): no AGPS interface in set_agps_server
03-27 20:12:32.652 D/GpsLocationProvider(  283): NTP server returned: 1553688749272 (Wed Mar 27 20:12:29 GMT+08:00 2019) reference: 24112 certainty: 198 system time offset: -3390
03-27 20:12:32.682 D/AndroidRuntime(  796): CheckJNI is OFF
03-27 20:12:32.682 D/dalvikvm(  796): Using executionMode 2
03-27 20:12:32.682 D/dalvikvm(  796): Trying to load lib libjavacore.so 0x0
03-27 20:12:32.682 D/dalvikvm(  796): Added shared lib libjavacore.so 0x0
03-27 20:12:32.682 D/dalvikvm(  796): Trying to load lib libnativehelper.so 0x0
03-27 20:12:32.682 D/dalvikvm(  796): Added shared lib libnativehelper.so 0x0
03-27 20:12:32.682 D/dalvikvm(  796): No JNI_OnLoad found in libnativehelper.so 0x0, skipping init
03-27 20:12:32.692 D/dalvikvm(  796): Note: class Landroid/app/ActivityManagerNative; has 179 unimplemented (abstract) methods
03-27 20:12:32.722 E/memtrack(  796): Couldn't load memtrack module (No such file or directory)
03-27 20:12:32.722 E/android.os.Debug(  796): failed to load memtrack module: -2
03-27 20:12:32.732 D/AndroidRuntime(  796): Calling main entry com.android.commands.pm.Pm
03-27 20:12:32.742 D/AndroidRuntime(  796): Shutting down VM
03-27 20:12:32.742 E/cutils-trace(  796): Error opening trace file: No such file or directory (2)
03-27 20:12:32.742 D/dalvikvm(  796): GC_CONCURRENT freed 155K, 22% free 566K/724K, paused 0ms+0ms, total 1ms
03-27 20:12:32.832 D/dalvikvm(  650): GC_CONCURRENT freed 288K, 11% free 3164K/3528K, paused 0ms+1ms, total 5ms
03-27 20:12:33.142 E/local_gps(  162): Can't send RMC command
03-27 20:12:33.272 I/Choreographer(  441): Skipped 430 frames!  The application may be doing too much work on its main thread.
03-27 20:12:33.372 D/dalvikvm(  441): GC_CONCURRENT freed 656K, 13% free 5295K/6020K, paused 2ms+2ms, total 71ms
03-27 20:12:33.372 D/dalvikvm(  441): WAIT_FOR_CONCURRENT_GC blocked 3ms
03-27 20:12:33.372 D/dalvikvm(  441): WAIT_FOR_CONCURRENT_GC blocked 1ms
03-27 20:12:33.372 D/dalvikvm(  441): WAIT_FOR_CONCURRENT_GC blocked 1ms
03-27 20:12:33.372 D/Launcher(  441): 11683562 - bindAddScreens()
03-27 20:12:33.372 D/Launcher(  441): 11683562 -   orderedScreenIds: 1
03-27 20:12:33.372 D/Launcher.Workspace(  441): 11683562 - insertNewWorkspaceScreen(): 1 at index: 0
03-27 20:12:33.372 D/dalvikvm(  441): WAIT_FOR_CONCURRENT_GC blocked 3ms
03-27 20:12:33.372 D/dalvikvm(  441): WAIT_FOR_CONCURRENT_GC blocked 8ms
03-27 20:12:33.422 D/dalvikvm(  650): GC_CONCURRENT freed 373K, 13% free 3184K/3628K, paused 1ms+1ms, total 5ms
03-27 20:12:33.582 I/dalvikvm(  441): Could not find method android.widget.LinearLayout.<init>, referenced from method com.bigkoo.convenientbanner.ConvenientBanner.<init>
03-27 20:12:33.582 W/dalvikvm(  441): VFY: unable to resolve direct method 17827: Landroid/widget/LinearLayout;.<init> (Landroid/content/Context;Landroid/util/AttributeSet;II)V
03-27 20:12:33.582 D/dalvikvm(  441): VFY: replacing opcode 0x70 at 0x0002
03-27 20:12:33.592 V/MediaScanner(  650): pruneDeadThumbnailFiles... android.database.sqlite.SQLiteCursor@4a7f8028
03-27 20:12:33.592 V/MediaScanner(  650): /pruneDeadThumbnailFiles... android.database.sqlite.SQLiteCursor@4a7f8028
03-27 20:12:33.752 D/AndroidRuntime(  814): 
03-27 20:12:33.752 D/AndroidRuntime(  814): >>>>>> AndroidRuntime START com.android.internal.os.RuntimeInit <<<<<<
03-27 20:12:33.862 D/AndroidRuntime(  814): CheckJNI is OFF
03-27 20:12:33.862 D/dalvikvm(  814): Using executionMode 2
03-27 20:12:33.872 D/dalvikvm(  814): Trying to load lib libjavacore.so 0x0
03-27 20:12:33.872 D/dalvikvm(  814): Added shared lib libjavacore.so 0x0
03-27 20:12:33.872 D/dalvikvm(  814): Trying to load lib libnativehelper.so 0x0
03-27 20:12:33.872 D/dalvikvm(  814): Added shared lib libnativehelper.so 0x0
03-27 20:12:33.872 D/dalvikvm(  814): No JNI_OnLoad found in libnativehelper.so 0x0, skipping init
03-27 20:12:33.882 D/dalvikvm(  814): Note: class Landroid/app/ActivityManagerNative; has 179 unimplemented (abstract) methods
03-27 20:12:33.912 E/memtrack(  814): Couldn't load memtrack module (No such file or directory)
03-27 20:12:33.912 E/android.os.Debug(  814): failed to load memtrack module: -2
03-27 20:12:33.922 D/AndroidRuntime(  814): Calling main entry com.android.commands.am.Am
03-27 20:12:33.932 D/AndroidRuntime(  814): Shutting down VM
03-27 20:12:33.932 E/cutils-trace(  814): Error opening trace file: No such file or directory (2)
03-27 20:12:33.932 D/dalvikvm(  814): GC_CONCURRENT freed 96K, 15% free 585K/684K, paused 0ms+0ms, total 1ms
03-27 20:12:34.232 D/dalvikvm(  441): GC_CONCURRENT freed 496K, 10% free 5543K/6108K, paused 1ms+1ms, total 8ms
03-27 20:12:34.252 I/Choreographer(  441): Skipped 58 frames!  The application may be doing too much work on its main thread.
03-27 20:12:34.342 W/ContextImpl(  441): Calling a method in the system process without a qualified user: android.app.ContextImpl.sendBroadcast:1123 android.content.ContextWrapper.sendBroadcast:365 com.vphone.launcher.Hotseat$19.a:640 com.vphone.launcher.Hotseat$19.onResponse:629 com.vphone.launcher.network.GsonRequest.deliverResponse:52 
03-27 20:12:34.372 D/dalvikvm(  441): GC_CONCURRENT freed 494K, 9% free 5844K/6412K, paused 6ms+1ms, total 9ms
03-27 20:12:34.382 I/dalvikvm(  441): Could not find method android.app.ActivityManager.removeTask, referenced from method com.vphone.launcher.service.CommonService.a
03-27 20:12:34.382 W/dalvikvm(  441): VFY: unable to resolve virtual method 522: Landroid/app/ActivityManager;.removeTask (I)Z
03-27 20:12:34.382 D/dalvikvm(  441): VFY: replacing opcode 0x6e at 0x0066
03-27 20:12:34.412 D/dalvikvm(  715): No JNI_OnLoad found in /system/lib/libxl_thunder_sdk.so 0x94fa7220, skipping init
03-27 20:12:34.532 D/dalvikvm(  715): No JNI_OnLoad found in /system/lib/libvphone_xl_thunder_iface.so 0x94fa7220, skipping init
03-27 20:12:34.532 I/XLUtil  (  715): loadAndParseFile start
03-27 20:12:34.552 D/dalvikvm(  441): GC_FOR_ALLOC freed 910K, 15% free 5937K/6916K, paused 17ms, total 17ms
03-27 20:12:34.572 D/dalvikvm(  441): GC_CONCURRENT freed 125K, 14% free 5968K/6916K, paused 2ms+3ms, total 17ms
03-27 20:12:34.572 I/XLUtil  (  715): loadAndParseFile end
03-27 20:12:34.572 I/XLDownloadManager(  715): Peerid:OEM3MDVBOUFFMjQ0MDBYWQ==
03-27 20:12:34.572 I/XLDownloadManager(  715): Guid:MzU0NzMwMDEwMTQwNzA5XzhDNzA1QTlBRTI0NA==
03-27 20:12:34.572 E/RecyclerView(  441): No adapter attached; skipping layout
03-27 20:12:34.572 E/RecyclerView(  441): No adapter attached; skipping layout
03-27 20:12:34.572 E/RecyclerView(  441): No adapter attached; skipping layout
03-27 20:12:34.572 E/RecyclerView(  441): No adapter attached; skipping layout
03-27 20:12:34.572 E/RecyclerView(  441): No adapter attached; skipping layout
03-27 20:12:34.572 E/RecyclerView(  441): No adapter attached; skipping layout
03-27 20:12:34.582 W/DebugConnManager(  441): getNetworkInfo() on networkType 1
03-27 20:12:34.612 D/dalvikvm(  441): GC_FOR_ALLOC freed 241K, 14% free 6057K/7008K, paused 7ms, total 7ms
03-27 20:12:34.652 D/dalvikvm(  441): GC_FOR_ALLOC freed 212K, 16% free 6102K/7188K, paused 4ms, total 4ms
03-27 20:12:34.652 D/dalvikvm(  441): GC_FOR_ALLOC freed 1K, 14% free 6242K/7188K, paused 3ms, total 3ms
03-27 20:12:34.672 W/DebugConnManager(  441): getNetworkInfo() on networkType 1
03-27 20:12:34.702 D/dalvikvm(  441): GC_CONCURRENT freed 641K, 10% free 6731K/7440K, paused 1ms+2ms, total 11ms
03-27 20:12:34.752 I/XLDownloadManager(  715): doMonitorNetworkChange()
03-27 20:12:34.752 I/XLDownloadManager(  715): register Receiver
03-27 20:12:34.852 D/dalvikvm(  441): GC_CONCURRENT freed 906K, 13% free 7092K/8068K, paused 1ms+0ms, total 8ms
03-27 20:12:34.852 D/dalvikvm(  441): WAIT_FOR_CONCURRENT_GC blocked 3ms
03-27 20:12:34.992 D/dalvikvm(  441): GC_FOR_ALLOC freed 815K, 13% free 7145K/8188K, paused 5ms, total 6ms
03-27 20:12:34.992 I/dalvikvm-heap(  441): Grow heap (frag case) to 8.800MB for 1843212-byte allocation
03-27 20:12:35.002 D/dalvikvm(  441): GC_CONCURRENT freed 1K, 11% free 8943K/9992K, paused 0ms+1ms, total 9ms
03-27 20:12:35.002 D/dalvikvm(  441): WAIT_FOR_CONCURRENT_GC blocked 5ms
03-27 20:12:35.002 I/dalvikvm-heap(  441): Grow heap (frag case) to 10.557MB for 1843212-byte allocation
03-27 20:12:35.012 D/dalvikvm(  441): WAIT_FOR_CONCURRENT_GC blocked 11ms
03-27 20:12:35.012 I/dalvikvm-heap(  441): Grow heap (frag case) to 10.557MB for 120-byte allocation
03-27 20:12:35.012 D/dalvikvm(  441): GC_FOR_ALLOC freed <1K, 9% free 10743K/11796K, paused 5ms, total 5ms
03-27 20:12:35.182 W/DebugConnManager(  441): getNetworkInfo() on networkType 1
03-27 20:12:35.382 D/EventBus(  441): No subscribers registered for event class com.vphone.launcher.game.event.RefreshAdViewEvent
03-27 20:12:35.382 D/EventBus(  441): No subscribers registered for event class org.greenrobot.eventbus.NoSubscriberEvent
03-27 20:12:35.392 I/Choreographer(  441): Skipped 58 frames!  The application may be doing too much work on its main thread.
03-27 20:12:35.432 W/DebugConnManager(  441): getNetworkInfo() on networkType 1
03-27 20:12:35.442 D/dalvikvm(  715): GC_CONCURRENT freed 225K, 9% free 3106K/3404K, paused 0ms+8ms, total 15ms
03-27 20:12:35.782 W/DebugConnManager(  441): getNetworkInfo() on networkType 1
03-27 20:12:35.812 D/dalvikvm(  441): GC_FOR_ALLOC freed 712K, 9% free 10736K/11796K, paused 5ms, total 5ms
03-27 20:12:35.812 I/dalvikvm-heap(  441): Grow heap (frag case) to 12.307MB for 1843212-byte allocation
03-27 20:12:35.822 D/SettingsProvider(  283): User 0 external modification to /data/data/com.android.providers.settings/databases/settings.db; event=8
03-27 20:12:35.822 D/SettingsProvider(  283): User 0 updating our caches for /data/data/com.android.providers.settings/databases/settings.db
03-27 20:12:35.902 D/dalvikvm(  441): GC_FOR_ALLOC freed 29K, 9% free 12506K/13600K, paused 6ms, total 6ms
03-27 20:12:35.902 W/DebugConnManager(  441): getNetworkInfo() on networkType 1
03-27 20:12:35.962 V/RenderScript(  441): 0xb8c23fd0 Launching thread(s), CPUs 2
03-27 20:12:35.972 W/ActivityThread(  715): ClassLoader.loadClass: The class loader returned by Thread.getContextClassLoader() may fail for processes that host multiple applications. You should explicitly specify a context class loader. For example: Thread.setContextClassLoader(getClass().getClassLoader());
03-27 20:12:35.992 D/dalvikvm(  715): GC_CONCURRENT freed 300K, 11% free 3212K/3588K, paused 0ms+1ms, total 3ms
03-27 20:12:36.012 D/Volley  (  715): [1] DiskBasedCache.clear: Cache cleared.
03-27 20:12:36.012 W/ContextImpl(  715): Calling a method in the system process without a qualified user: android.app.ContextImpl.startService:1492 android.content.ContextWrapper.startService:494 com.bignox.app.store.hd.StoreApplication.onCreate:97 android.app.Instrumentation.callApplicationOnCreate:1024 android.app.ActivityThread.handleBindApplication:4346 
03-27 20:12:36.022 I/HttpDnsSDK(  715): HttpDnsThreadFactory create a new thread, name: Thread-64
03-27 20:12:36.022 I/HttpDnsSDK(  715): HttpDnsThreadFactory create a new thread, name: Thread-65
03-27 20:12:36.022 I/HttpDnsSDK(  715): HttpDnsThreadFactory create a new thread, name: Thread-67
03-27 20:12:36.022 D/XLDownloadManager(  715): NetworkChangeHandlerThread nettype=9
03-27 20:12:36.022 D/XLDownloadManager(  715): NetworkChangeHandlerThread bssid=8C:70:5A:9A:E2:44
03-27 20:12:36.022 W/ContextImpl(  715): Calling a method in the system process without a qualified user: android.app.ContextImpl.startService:1492 android.content.ContextWrapper.startService:494 android.content.ContextWrapper.startService:494 com.bignox.app.store.hd.providers.downloads.DownloadReceiver.startService:188 com.bignox.app.store.hd.providers.downloads.DownloadReceiver.onReceive:48 
03-27 20:12:36.092 D/dalvikvm(  441): GC_CONCURRENT freed 3204K, 21% free 12527K/15800K, paused 0ms+1ms, total 9ms
03-27 20:12:36.092 D/dalvikvm(  441): WAIT_FOR_CONCURRENT_GC blocked 4ms
03-27 20:12:36.142 D/Event   (  715): No subscribers registered for event class com.bignox.app.store.hd.model.Game
03-27 20:12:36.142 D/Event   (  715): No subscribers registered for event class de.greenrobot.event.NoSubscriberEvent
03-27 20:12:36.142 D/Event   (  715): No subscribers registered for event class com.bignox.app.store.hd.model.Game
03-27 20:12:36.142 D/Event   (  715): No subscribers registered for event class de.greenrobot.event.NoSubscriberEvent
03-27 20:12:36.142 I/com.bignox.app.store.hd.repositories.AppRepository(  715): delete app by package url :com.bignox.app.store.hd
03-27 20:12:36.152 D/dalvikvm(  715): GC_CONCURRENT freed 176K, 7% free 3426K/3680K, paused 0ms+1ms, total 4ms
03-27 20:12:36.212 D/Event   (  715): No subscribers registered for event class com.bignox.app.store.hd.model.Game
03-27 20:12:36.212 D/Event   (  715): No subscribers registered for event class de.greenrobot.event.NoSubscriberEvent
03-27 20:12:36.222 D/dalvikvm(  441): GC_CONCURRENT freed 3108K, 21% free 12575K/15800K, paused 1ms+2ms, total 19ms
03-27 20:12:36.232 D/Event   (  715): No subscribers registered for event class com.bignox.app.store.hd.providers.downloads.CountEvent
03-27 20:12:36.232 D/Event   (  715): No subscribers registered for event class de.greenrobot.event.NoSubscriberEvent
03-27 20:12:36.232 D/HttpDnsSDK(  715): 63 - VMStack.java:-2 - [getThreadStackTrace] - stat: XJHrrwvextADACtn+sATkLTX
03-27 20:12:36.232 D/Event   (  715): No subscribers registered for event class com.bignox.app.store.hd.model.Game
03-27 20:12:36.232 D/Event   (  715): No subscribers registered for event class de.greenrobot.event.NoSubscriberEvent
03-27 20:12:36.232 D/Event   (  715): No subscribers registered for event class com.bignox.app.store.hd.providers.downloads.CountEvent
03-27 20:12:36.232 D/Event   (  715): No subscribers registered for event class de.greenrobot.event.NoSubscriberEvent
03-27 20:12:36.232 D/Event   (  715): No subscribers registered for event class com.bignox.app.store.hd.providers.downloads.CountEvent
03-27 20:12:36.232 D/Event   (  715): No subscribers registered for event class de.greenrobot.event.NoSubscriberEvent
03-27 20:12:36.232 W/ContextImpl(  715): Calling a method in the system process without a qualified user: android.app.ContextImpl.sendBroadcast:1123 android.content.ContextWrapper.sendBroadcast:365 com.bignox.app.store.hd.asynctask.InitPackageMapTask.onPostExecute:284 com.bignox.app.store.hd.asynctask.InitPackageMapTask.onPostExecute:32 android.os.AsyncTask.finish:632 
03-27 20:12:36.242 D/dalvikvm(  715): GC_CONCURRENT freed 407K, 13% free 3427K/3924K, paused 2ms+1ms, total 6ms
03-27 20:12:36.482 D/dalvikvm(  441): GC_CONCURRENT freed 1672K, 11% free 14132K/15876K, paused 1ms+2ms, total 14ms
03-27 20:12:36.482 D/dalvikvm(  441): WAIT_FOR_CONCURRENT_GC blocked 7ms
03-27 20:12:36.482 D/dalvikvm(  441): WAIT_FOR_CONCURRENT_GC blocked 9ms
03-27 20:12:36.842 D/dalvikvm(  441): GC_CONCURRENT freed 1473K, 9% free 16334K/17872K, paused 4ms+4ms, total 17ms
03-27 20:12:37.062 D/su      (  921): su invoked.
03-27 20:12:37.062 D/su      (  921): starting daemon client 0 0
03-27 20:12:37.062 D/su      (  923): remote pid: 921
03-27 20:12:37.062 D/su      (  923): remote pts_slave: 
03-27 20:12:37.062 D/su      (  923): waiting for child exit
03-27 20:12:37.062 D/su      (  925): su invoked.
03-27 20:12:37.062 D/su      (  925): Allowing root/system/radio.
03-27 20:12:37.062 D/su      (  925): 0 /system/bin/mksh executing 0 umount /mnt/sdcard/BigNoxGameHD using binary /system/bin/sh : sh -c umount /mnt/sdcard/BigNoxGameHD
03-27 20:12:37.122 D/        (  715): HostConnection::get() New Host Connection established 0xb8b41cc0, tid 715
03-27 20:12:37.132 D/HttpDnsSDK(  715): 65 - VMStack.java:-2 - [getThreadStackTrace] - resolve host: ressrc.yeshen.com, return: {"host":"ressrc.yeshen.com","ips":["60.205.13.186"],"ttl":233,"origin_ttl":600}
03-27 20:12:37.132 D/HttpDnsSDK(  715): 67 - VMStack.java:-2 - [getThreadStackTrace] - resolve host: res.src.yeshen.com, return: {"host":"res.src.yeshen.com","ips":[],"ttl":300}
03-27 20:12:37.142 D/dalvikvm(  715): GC_CONCURRENT freed 414K, 13% free 3464K/3956K, paused 2ms+0ms, total 6ms
03-27 20:12:37.162 D/su      (  923): sending code
03-27 20:12:37.162 D/su      (  923): child exited
03-27 20:12:37.162 D/su      (  921): client exited 1
03-27 20:12:37.192 D/HttpDnsSDK(  715): 64 - VMStack.java:-2 - [getThreadStackTrace] - resolve host: res.yeshen.com, return: {"host":"res.yeshen.com","ips":["219.153.113.35"],"ttl":60,"origin_ttl":60}
03-27 20:12:37.222 D/su      (  929): su invoked.
03-27 20:12:37.222 D/su      (  929): starting daemon client 0 0
03-27 20:12:37.222 D/su      (  931): remote pid: 929
03-27 20:12:37.222 D/su      (  931): remote pts_slave: 
03-27 20:12:37.222 D/su      (  931): waiting for child exit
03-27 20:12:37.222 D/su      (  933): su invoked.
03-27 20:12:37.222 D/su      (  933): Allowing root/system/radio.
03-27 20:12:37.222 D/su      (  933): 0 /system/bin/mksh executing 0 mkdir -p /mnt/sdcard/BigNoxGameHD using binary /system/bin/sh : sh -c mkdir -p /mnt/sdcard/BigNoxGameHD
03-27 20:12:37.242 D/su      (  931): sending code
03-27 20:12:37.242 D/su      (  931): child exited
03-27 20:12:37.242 D/su      (  929): client exited 0
03-27 20:12:37.242 D/su      (  937): su invoked.
03-27 20:12:37.242 D/su      (  937): starting daemon client 0 0
03-27 20:12:37.242 D/su      (  939): remote pid: 937
03-27 20:12:37.242 D/su      (  939): remote pts_slave: 
03-27 20:12:37.242 D/su      (  939): waiting for child exit
03-27 20:12:37.242 D/su      (  941): su invoked.
03-27 20:12:37.242 D/su      (  941): Allowing root/system/radio.
03-27 20:12:37.242 D/su      (  941): 0 /system/bin/mksh executing 0 mount.vboxsf -o rw,uid=0,gid=1028 App /mnt/sdcard/BigNoxGameHD using binary /system/bin/sh : sh -c mount.vboxsf -o rw,uid=0,gid=1028 App /mnt/sdcard/BigNoxGameHD
03-27 20:12:37.242 D/su      (  939): sending code
03-27 20:12:37.242 D/su      (  939): child exited
03-27 20:12:37.242 D/su      (  937): client exited 0
03-27 20:12:37.252 D/su      (  945): su invoked.
03-27 20:12:37.252 D/su      (  945): starting daemon client 0 0
03-27 20:12:37.252 D/su      (  947): remote pid: 945
03-27 20:12:37.252 D/su      (  947): remote pts_slave: 
03-27 20:12:37.252 D/su      (  947): waiting for child exit
03-27 20:12:37.252 D/su      (  949): su invoked.
03-27 20:12:37.252 D/su      (  949): Allowing root/system/radio.
03-27 20:12:37.252 D/su      (  949): 0 /system/bin/mksh executing 0 umount /mnt/sdcard/Pictures/Screenshots/img using binary /system/bin/sh : sh -c umount /mnt/sdcard/Pictures/Screenshots/img
03-27 20:12:37.262 D/su      (  947): sending code
03-27 20:12:37.262 D/su      (  947): child exited
03-27 20:12:37.262 D/su      (  945): client exited 1
03-27 20:12:37.262 D/su      (  952): su invoked.
03-27 20:12:37.262 D/su      (  952): starting daemon client 0 0
03-27 20:12:37.262 D/su      (  954): remote pid: 952
03-27 20:12:37.262 D/su      (  954): remote pts_slave: 
03-27 20:12:37.262 D/su      (  954): waiting for child exit
03-27 20:12:37.262 D/su      (  956): su invoked.
03-27 20:12:37.262 D/su      (  956): Allowing root/system/radio.
03-27 20:12:37.262 D/su      (  956): 0 /system/bin/mksh executing 0 mkdir -p /mnt/sdcard/Pictures/Screenshots/img using binary /system/bin/sh : sh -c mkdir -p /mnt/sdcard/Pictures/Screenshots/img
03-27 20:12:37.292 D/su      (  954): sending code
03-27 20:12:37.292 D/su      (  954): child exited
03-27 20:12:37.292 D/su      (  952): client exited 0
03-27 20:12:37.322 D/su      (  962): su invoked.
03-27 20:12:37.322 D/su      (  962): starting daemon client 0 0
03-27 20:12:37.322 D/su      (  964): remote pid: 962
03-27 20:12:37.322 D/su      (  964): remote pts_slave: 
03-27 20:12:37.322 D/su      (  964): waiting for child exit
03-27 20:12:37.322 D/su      (  966): su invoked.
03-27 20:12:37.322 D/su      (  966): Allowing root/system/radio.
03-27 20:12:37.322 D/su      (  966): 0 /system/bin/mksh executing 0 mount.vboxsf -o rw,uid=0,gid=1028 Image /mnt/sdcard/Pictures/Screenshots/img using binary /system/bin/sh : sh -c mount.vboxsf -o rw,uid=0,gid=1028 Image /mnt/sdcard/Pictures/Screenshots/img
03-27 20:12:37.332 D/dalvikvm(  715): GC_CONCURRENT freed 437K, 13% free 3500K/4004K, paused 1ms+1ms, total 4ms
03-27 20:12:37.352 D/HttpDnsSDK(  715): 63 - VMStack.java:-2 - [getThreadStackTrace] - get MAN response: {"t":1553688757368,"ret":"","success":"success"}
03-27 20:12:37.362 D/su      (  964): sending code
03-27 20:12:37.362 D/su      (  964): child exited
03-27 20:12:37.362 D/su      (  962): client exited 0
03-27 20:12:37.372 D/su      (  970): su invoked.
03-27 20:12:37.372 D/su      (  970): starting daemon client 0 0
03-27 20:12:37.372 D/su      (  972): remote pid: 970
03-27 20:12:37.372 D/su      (  972): remote pts_slave: 
03-27 20:12:37.372 D/su      (  972): waiting for child exit
03-27 20:12:37.372 D/su      (  974): su invoked.
03-27 20:12:37.372 D/su      (  974): Allowing root/system/radio.
03-27 20:12:37.372 D/su      (  974): 0 /system/bin/mksh executing 0 umount /mnt/sdcard/Download/other using binary /system/bin/sh : sh -c umount /mnt/sdcard/Download/other
03-27 20:12:37.382 D/su      (  972): sending code
03-27 20:12:37.382 D/su      (  972): child exited
03-27 20:12:37.382 D/su      (  970): client exited 1
03-27 20:12:37.392 D/dalvikvm(  441): GC_FOR_ALLOC freed 2450K, 14% free 17996K/20888K, paused 31ms, total 33ms
03-27 20:12:37.442 D/su      (  977): su invoked.
03-27 20:12:37.442 D/su      (  977): starting daemon client 0 0
03-27 20:12:37.462 D/su      (  979): remote pid: 977
03-27 20:12:37.462 D/su      (  979): remote pts_slave: 
03-27 20:12:37.462 D/su      (  979): waiting for child exit
03-27 20:12:37.462 D/su      (  981): su invoked.
03-27 20:12:37.462 D/su      (  981): Allowing root/system/radio.
03-27 20:12:37.462 D/su      (  981): 0 /system/bin/mksh executing 0 mkdir -p /mnt/sdcard/Download/other using binary /system/bin/sh : sh -c mkdir -p /mnt/sdcard/Download/other
03-27 20:12:37.492 D/su      (  979): sending code
03-27 20:12:37.492 D/su      (  979): child exited
03-27 20:12:37.492 D/su      (  977): client exited 0
03-27 20:12:37.532 D/su      (  984): su invoked.
03-27 20:12:37.532 D/su      (  984): starting daemon client 0 0
03-27 20:12:37.532 D/su      (  986): remote pid: 984
03-27 20:12:37.532 D/su      (  986): remote pts_slave: 
03-27 20:12:37.532 D/su      (  986): waiting for child exit
03-27 20:12:37.532 D/su      (  988): su invoked.
03-27 20:12:37.532 D/su      (  988): Allowing root/system/radio.
03-27 20:12:37.532 D/su      (  988): 0 /system/bin/mksh executing 0 mount.vboxsf -o rw,uid=0,gid=1028 Other /mnt/sdcard/Download/other using binary /system/bin/sh : sh -c mount.vboxsf -o rw,uid=0,gid=1028 Other /mnt/sdcard/Download/other
03-27 20:12:37.542 D/su      (  986): sending code
03-27 20:12:37.542 D/su      (  986): child exited
03-27 20:12:37.542 D/su      (  984): client exited 0
03-27 20:12:37.552 D/dalvikvm(  441): GC_FOR_ALLOC freed 2829K, 14% free 19941K/23108K, paused 17ms, total 18ms
03-27 20:12:37.562 D/su      (  992): su invoked.
03-27 20:12:37.562 D/su      (  992): starting daemon client 0 0
03-27 20:12:37.562 D/su      (  994): remote pid: 992
03-27 20:12:37.562 D/su      (  994): remote pts_slave: 
03-27 20:12:37.562 D/su      (  994): waiting for child exit
03-27 20:12:37.562 D/su      (  996): su invoked.
03-27 20:12:37.562 D/su      (  996): Allowing root/system/radio.
03-27 20:12:37.562 D/su      (  996): 0 /system/bin/mksh executing 0 cp -rf /mnt/shared/Image/*.* /mnt/sdcard/Pictures/Screenshots using binary /system/bin/sh : sh -c cp -rf /mnt/shared/Image/*.* /mnt/sdcard/Pictures/Screenshots
03-27 20:12:37.562 D/su      (  994): sending code
03-27 20:12:37.562 D/su      (  994): child exited
03-27 20:12:37.562 D/su      (  992): client exited 1
03-27 20:12:37.812 D/dalvikvm(  441): GC_CONCURRENT freed 3047K, 13% free 22566K/25684K, paused 2ms+5ms, total 22ms
03-27 20:12:37.812 D/dalvikvm(  441): WAIT_FOR_CONCURRENT_GC blocked 19ms
03-27 20:12:37.822 D/dalvikvm(  441): WAIT_FOR_CONCURRENT_GC blocked 19ms
03-27 20:12:37.822 D/dalvikvm(  441): WAIT_FOR_CONCURRENT_GC blocked 19ms
03-27 20:12:37.852 W/ContextImpl(  441): Calling a method in the system process without a qualified user: android.app.ContextImpl.startService:1492 android.content.ContextWrapper.startService:494 android.content.ContextWrapper.startService:494 com.vphone.launcher.providers.downloads.DownloadReceiver.a:188 com.vphone.launcher.providers.downloads.DownloadReceiver.onReceive:48 
03-27 20:12:37.902 W/ContextImpl(  715): Calling a method in the system process without a qualified user: android.app.ContextImpl.startService:1492 android.content.ContextWrapper.startService:494 android.content.ContextWrapper.startService:494 com.bignox.app.store.hd.providers.downloads.DownloadReceiver.startService:188 com.bignox.app.store.hd.providers.downloads.DownloadReceiver.onReceive:53 
03-27 20:12:37.912 D/Event   (  715): No subscribers registered for event class com.bignox.app.store.hd.providers.downloads.CountEvent
03-27 20:12:37.912 D/Event   (  715): No subscribers registered for event class de.greenrobot.event.NoSubscriberEvent
03-27 20:12:37.932 W/ContextImpl(  441): Calling a method in the system process without a qualified user: android.app.ContextImpl.startService:1492 android.content.ContextWrapper.startService:494 android.content.ContextWrapper.startService:494 com.vphone.launcher.providers.downloads.DownloadReceiver.a:188 com.vphone.launcher.providers.downloads.DownloadReceiver.onReceive:53 
03-27 20:12:37.952 D/dalvikvm(  283): GC_EXPLICIT freed 437K, 9% free 5620K/6136K, paused 1ms+1ms, total 15ms
03-27 20:12:37.962 D/BluetoothAdapter(  394): 1249737512: getState() :  mService = null. Returning STATE_OFF
03-27 20:12:37.992 D/AndroidRuntime(  998): 
03-27 20:12:37.992 D/AndroidRuntime(  998): >>>>>> AndroidRuntime START com.android.internal.os.RuntimeInit <<<<<<
03-27 20:12:38.112 W/System.err(  715): java.util.concurrent.ExecutionException: com.android.volley.NoConnectionError: org.apache.http.conn.HttpHostConnectException: Connection to http://192.168.1.104:7777 refused
03-27 20:12:38.112 W/System.err(  715): 	at com.android.volley.toolbox.RequestFuture.doGet(RequestFuture.java:117)
03-27 20:12:38.112 W/System.err(  715): 	at com.android.volley.toolbox.RequestFuture.get(RequestFuture.java:88)
03-27 20:12:38.112 W/System.err(  715): 	at com.bignox.app.store.hd.asynctask.InitUpgradeAppTask.getUpgradeList(InitUpgradeAppTask.java:90)
03-27 20:12:38.112 W/System.err(  715): 	at com.bignox.app.store.hd.asynctask.InitUpgradeAppTask.doInBackground(InitUpgradeAppTask.java:52)
03-27 20:12:38.112 W/System.err(  715): 	at com.bignox.app.store.hd.asynctask.InitUpgradeAppTask.doInBackground(InitUpgradeAppTask.java:35)
03-27 20:12:38.112 W/System.err(  715): 	at android.os.AsyncTask$2.call(AsyncTask.java:288)
03-27 20:12:38.112 W/System.err(  715): 	at java.util.concurrent.FutureTask.run(FutureTask.java:237)
03-27 20:12:38.112 W/System.err(  715): 	at android.os.AsyncTask$SerialExecutor$1.run(AsyncTask.java:231)
03-27 20:12:38.112 W/System.err(  715): 	at java.util.concurrent.ThreadPoolExecutor.runWorker(ThreadPoolExecutor.java:1112)
03-27 20:12:38.112 W/System.err(  715): 	at java.util.concurrent.ThreadPoolExecutor$Worker.run(ThreadPoolExecutor.java:587)
03-27 20:12:38.112 W/System.err(  715): 	at java.lang.Thread.run(Thread.java:841)
03-27 20:12:38.112 W/System.err(  715): Caused by: com.android.volley.NoConnectionError: org.apache.http.conn.HttpHostConnectException: Connection to http://192.168.1.104:7777 refused
03-27 20:12:38.112 W/System.err(  715): 	at com.android.volley.toolbox.BasicNetwork.performRequest(BasicNetwork.java:158)
03-27 20:12:38.112 W/System.err(  715): 	at com.android.volley.NetworkDispatcher.run(NetworkDispatcher.java:114)
03-27 20:12:38.112 W/System.err(  715): Caused by: org.apache.http.conn.HttpHostConnectException: Connection to http://192.168.1.104:7777 refused
03-27 20:12:38.112 W/System.err(  715): 	at org.apache.http.impl.conn.DefaultClientConnectionOperator.openConnection(DefaultClientConnectionOperator.java:183)
03-27 20:12:38.112 W/System.err(  715): 	at org.apache.http.impl.conn.AbstractPoolEntry.open(AbstractPoolEntry.java:164)
03-27 20:12:38.112 W/System.err(  715): 	at org.apache.http.impl.conn.AbstractPooledConnAdapter.open(AbstractPooledConnAdapter.java:119)
03-27 20:12:38.112 W/System.err(  715): 	at org.apache.http.impl.client.DefaultRequestDirector.execute(DefaultRequestDirector.java:360)
03-27 20:12:38.112 W/System.err(  715): 	at org.apache.http.impl.client.AbstractHttpClient.execute(AbstractHttpClient.java:555)
03-27 20:12:38.112 W/System.err(  715): 	at org.apache.http.impl.client.AbstractHttpClient.execute(AbstractHttpClient.java:487)
03-27 20:12:38.112 W/System.err(  715): 	at org.apache.http.impl.client.AbstractHttpClient.execute(AbstractHttpClient.java:465)
03-27 20:12:38.112 W/System.err(  715): 	at com.android.volley.toolbox.HttpClientStack.performRequest(HttpClientStack.java:87)
03-27 20:12:38.112 W/System.err(  715): 	at com.android.volley.toolbox.BasicNetwork.performRequest(BasicNetwork.java:97)
03-27 20:12:38.112 W/System.err(  715): 	... 1 more
03-27 20:12:38.112 W/System.err(  715): Caused by: java.net.ConnectException: failed to connect to /192.168.1.104 (port 7777) after 5000ms: isConnected failed: ECONNREFUSED (Connection refused)
03-27 20:12:38.112 W/System.err(  715): 	at libcore.io.IoBridge.isConnected(IoBridge.java:223)
03-27 20:12:38.112 W/System.err(  715): 	at libcore.io.IoBridge.connectErrno(IoBridge.java:161)
03-27 20:12:38.112 W/System.err(  715): 	at libcore.io.IoBridge.connect(IoBridge.java:112)
03-27 20:12:38.112 W/System.err(  715): 	at java.net.PlainSocketImpl.connect(PlainSocketImpl.java:192)
03-27 20:12:38.112 W/System.err(  715): 	at java.net.PlainSocketImpl.connect(PlainSocketImpl.java:459)
03-27 20:12:38.112 W/System.err(  715): 	at java.net.Socket.connect(Socket.java:843)
03-27 20:12:38.112 W/System.err(  715): 	at org.apache.http.conn.scheme.PlainSocketFactory.connectSocket(PlainSocketFactory.java:119)
03-27 20:12:38.112 W/System.err(  715): 	at org.apache.http.impl.conn.DefaultClientConnectionOperator.openConnection(DefaultClientConnectionOperator.java:144)
03-27 20:12:38.112 W/System.err(  715): 	... 9 more
03-27 20:12:38.112 W/System.err(  715): Caused by: libcore.io.ErrnoException: isConnected failed: ECONNREFUSED (Connection refused)
03-27 20:12:38.122 W/System.err(  715): 	at libcore.io.IoBridge.isConnected(IoBridge.java:208)
03-27 20:12:38.122 W/System.err(  715): 	... 16 more
03-27 20:12:38.202 W/ContextImpl(  283): Calling a method in the system process without a qualified user: android.app.ContextImpl.sendBroadcast:1123 com.android.server.NotificationManagerService$6.run:1838 android.os.Handler.handleCallback:733 android.os.Handler.dispatchMessage:95 android.os.Looper.loop:136 
03-27 20:12:38.292 D/AndroidRuntime(  998): CheckJNI is OFF
03-27 20:12:38.292 D/dalvikvm(  998): Using executionMode 2
03-27 20:12:38.312 D/dalvikvm(  998): Trying to load lib libjavacore.so 0x0
03-27 20:12:38.312 D/dalvikvm(  998): Added shared lib libjavacore.so 0x0
03-27 20:12:38.312 D/dalvikvm(  998): Trying to load lib libnativehelper.so 0x0
03-27 20:12:38.312 D/dalvikvm(  998): Added shared lib libnativehelper.so 0x0
03-27 20:12:38.312 D/dalvikvm(  998): No JNI_OnLoad found in libnativehelper.so 0x0, skipping init
03-27 20:12:38.312 D/SizeAdaptiveLayout(  342): com.android.internal.widget.SizeAdaptiveLayout{4ac23128 V.E..... ......I. 0,0-0,0 #7f07004f app:id/adaptive}child view android.widget.RelativeLayout{4ac24450 G.E..... ......I. 0,0-0,0} measured out of bounds at 95px clamped to 96px
03-27 20:12:38.332 D/dalvikvm(  998): Note: class Landroid/app/ActivityManagerNative; has 179 unimplemented (abstract) methods
03-27 20:12:38.442 E/memtrack(  998): Couldn't load memtrack module (No such file or directory)
03-27 20:12:38.442 E/android.os.Debug(  998): failed to load memtrack module: -2
03-27 20:12:38.462 D/dalvikvm(  441): GC_FOR_ALLOC freed 3880K, 15% free 25003K/29184K, paused 29ms, total 29ms
